Product: MDK-ARM Professional 5.10
Component: ARM Compiler 5.04 update 1 (build 49)
Tool: armlink [5040049]

==============================================================================

Section Cross References

    spi.o(.text) refers to delay.o(.text) for delay_us
    spi.o(.text) refers to spi.o(.data) for SPI1_ISR
    startup_stm32f10x_md.o(STACK) refers (Special) to heapauxi.o(.text) for __use_two_region_memory
    startup_stm32f10x_md.o(HEAP) refers (Special) to heapauxi.o(.text) for __use_two_region_memory
    startup_stm32f10x_md.o(RESET) refers (Special) to heapauxi.o(.text) for __use_two_region_memory
    startup_stm32f10x_md.o(RESET) refers to startup_stm32f10x_md.o(STACK) for __initial_sp
    startup_stm32f10x_md.o(RESET) refers to startup_stm32f10x_md.o(.text) for Reset_Handler
    startup_stm32f10x_md.o(RESET) refers to spi.o(.text) for SPI1_IRQHandler
    startup_stm32f10x_md.o(.text) refers (Special) to heapauxi.o(.text) for __use_two_region_memory
    startup_stm32f10x_md.o(.text) refers to __main.o(!!!main) for __main
    startup_stm32f10x_md.o(.text) refers to startup_stm32f10x_md.o(HEAP) for Heap_Mem
    startup_stm32f10x_md.o(.text) refers to startup_stm32f10x_md.o(STACK) for Stack_Mem
    main.o(.text) refers to spi.o(.text) for GetSpiData
    main.o(.text) refers to main.o(t._ZN10RingBufferIhE4PushEh) for RingBuffer<unsigned char>::Push(unsigned char)
    main.o(.text) refers to delay.o(.text) for delay_us
    main.o(.text) refers to main.o(.bss) for SpiFifo
    main.o(.text) refers to main.o(t._ZN10RingBufferIhE9SetBufferEPhj) for RingBuffer<unsigned char>::SetBuffer(unsigned char*, unsigned)
    main.o(.text) refers to rt_memclr_w.o(.text) for __aeabi_memclr4
    main.o(.text) refers to hardware_pwm.o(.text) for HDPWM::Initial(unsigned, unsigned short, unsigned short)
    main.o(.text) refers to pwm_top.o(.bss) for hdPwm
    main.o(.text) refers to pwm.o(.text) for PWM::RunningTask(unsigned)
    main.o(.text) refers to main.o(t._ZN10RingBufferIhE3PopEPh) for RingBuffer<unsigned char>::Pop(unsigned char*)
    main.o(.text) refers to main.o(t._ZN10RingBufferIhE5ReSetEv) for RingBuffer<unsigned char>::ReSet()
    main.o(.text) refers to main.o(t._ZN10RingBufferIhEC1Ev) for RingBuffer<unsigned char>::RingBuffer()
    main.o(.text) refers to aeabi_atexit.o(i.__aeabi_atexit) for __aeabi_atexit
    main.o(.text) refers to pwm_top.o(.data) for PwmEnable
    main.o(.text) refers to main.o(t._ZN10RingBufferIhED1Ev) for RingBuffer<unsigned char>::~RingBuffer()
    main.o(.ARM.exidx) refers to main.o(.text) for .text
    main.o(.init_array) refers to main.o(.text) for __sti___8_main_cpp_SpiFifo
    main.o(.init_array) refers to init_aeabi.o(.text) for __cpp_initialize__aeabi_
    pwm.o(.ARM.exidx) refers to pwm.o(.text) for .text
    hardware_pwm.o(.text) refers to delay.o(.text) for delay_us
    hardware_pwm.o(.ARM.exidx) refers to hardware_pwm.o(.text) for .text
    pwm_top.o(.text) refers to pwm.o(.text) for PWM::Enable(unsigned char)
    pwm_top.o(.text) refers to hardware_pwm.o(.text) for HDPWM::Enable(unsigned char)
    pwm_top.o(.text) refers to pwm_top.o(.bss) for pwm
    pwm_top.o(.text) refers to aeabi_atexit.o(i.__aeabi_atexit) for __aeabi_atexit
    pwm_top.o(.text) refers to pwm_top.o(.data) for PwmPinCtrl
    pwm_top.o(.ARM.exidx) refers to pwm_top.o(.text) for .text
    pwm_top.o(.data) refers to pwm_top.o(.text) for Pwm0PinCtrl(unsigned char)
    pwm_top.o(.init_array) refers to pwm_top.o(.text) for __sti___11_pwm_top_cpp_hdPwm
    pwm_top.o(.init_array) refers to init_aeabi.o(.text) for __cpp_initialize__aeabi_
    mscomm.o(.text) refers to main.o(t._ZN10RingBufferIhEC1Ev) for RingBuffer<unsigned char>::RingBuffer()
    mscomm.o(.text) refers to main.o(t._ZN10RingBufferIhED1Ev) for RingBuffer<unsigned char>::~RingBuffer()
    mscomm.o(.text) refers to main.o(t._ZN10RingBufferIhE9SetBufferEPhj) for RingBuffer<unsigned char>::SetBuffer(unsigned char*, unsigned)
    mscomm.o(.text) refers to mscomm.o(t._ZN10RingBufferIhE9GetBufferEv) for RingBuffer<unsigned char>::GetBuffer()
    mscomm.o(.text) refers to mscomm.o(t._ZN10RingBufferIhE15GetBufferLengthEv) for RingBuffer<unsigned char>::GetBufferLength()
    mscomm.o(.text) refers to main.o(t._ZN10RingBufferIhE4PushEh) for RingBuffer<unsigned char>::Push(unsigned char)
    mscomm.o(.text) refers to main.o(t._ZN10RingBufferIhE3PopEPh) for RingBuffer<unsigned char>::Pop(unsigned char*)
    mscomm.o(.text) refers to main.o(t._ZN10RingBufferIhE5ReSetEv) for RingBuffer<unsigned char>::ReSet()
    mscomm.o(.text) refers to h1_alloc.o(.text) for malloc
    mscomm.o(.text) refers to atol.o(.text) for atol
    mscomm.o(.text) refers to dflt_clz.o(x$fpl$dflt) for __aeabi_i2d
    mscomm.o(.text) refers to ddiv.o(x$fpl$ddiv) for __aeabi_ddiv
    mscomm.o(.text) refers to d2f.o(x$fpl$d2f) for __aeabi_d2f
    mscomm.o(.text) refers to ffix.o(x$fpl$ffix) for __aeabi_f2iz
[...]
    init_alloc.o(.text) refers (Special) to hguard.o(.text) for __heap$guard
    init_alloc.o(.text) refers (Special) to libinit2.o(.ARM.Collect$$libinit$$00000003) for __rt_lib_init_heap_2
    init_alloc.o(.text) refers (Special) to maybetermalloc1.o(.emb_text) for _maybe_terminate_alloc
    init_alloc.o(.text) refers to h1_extend.o(.text) for __Heap_ProvideMemory
    init_alloc.o(.text) refers to defsig_rtmem_outer.o(.text) for __rt_SIGRTMEM
    init_alloc.o(.text) refers to rt_heap_descriptor_intlibspace.o(.text) for __rt_heap_descriptor
    init_alloc.o(.text) refers to h1_init.o(.text) for __Heap_Initialize
    free.o(.text) refers (Special) to hguard.o(.text) for __heap$guard
    free.o(.text) refers to rt_heap_descriptor_intlibspace.o(.text) for __rt_heap_descriptor
    free.o(.text) refers to heapstubs.o(.text) for __Heap_Free
    h1_free.o(.text) refers to rt_heap_descriptor_intlibspace.o(.text) for __rt_heap_descriptor
    h1_init_mt.o(.text) refers to mutex_dummy.o(.text) for _mutex_initialize
    h1_free_mt.o(.text) refers to rt_heap_descriptor_intlibspace.o(.text) for __rt_heap_descriptor
    strtol.o(.text) refers to rt_ctype_table.o(.text) for __rt_ctype_table
    strtol.o(.text) refers to _strtoul.o(.text) for _strtoul
    strtol.o(.text) refers to rt_errno_addr_intlibspace.o(.text) for __aeabi_errno_addr
    _get_argv.o(.text) refers (Special) to hrguard.o(.text) for __heap_region$guard
    _get_argv.o(.text) refers to h1_alloc.o(.text) for malloc
    _get_argv.o(.text) refers to defsig_rtmem_outer.o(.text) for __rt_SIGRTMEM
    _get_argv.o(.text) refers to sys_command.o(.text) for _sys_command_string
    libinit2.o(.ARM.Collect$$libinit$$00000003) refers (Weak) to init_alloc.o(.text) for _init_alloc
    libinit2.o(.ARM.Collect$$libinit$$0000000D) refers (Weak) to rt_locale_intlibspace.o(.text) for __rt_locale
    libinit2.o(.ARM.Collect$$libinit$$0000000E) refers to libinit2.o(.ARM.Collect$$libinit$$0000000D) for .ARM.Collect$$libinit$$0000000D
    libinit2.o(.ARM.Collect$$libinit$$00000010) refers to libinit2.o(.ARM.Collect$$libinit$$0000000D) for .ARM.Collect$$libinit$$0000000D
    libinit2.o(.ARM.Collect$$libinit$$00000010) refers (Weak) to lc_ctype_c.o(locale$$code) for _get_lc_ctype
    libinit2.o(.ARM.Collect$$libinit$$00000012) refers to libinit2.o(.ARM.Collect$$libinit$$0000000D) for .ARM.Collect$$libinit$$0000000D
    libinit2.o(.ARM.Collect$$libinit$$00000014) refers to libinit2.o(.ARM.Collect$$libinit$$0000000D) for .ARM.Collect$$libinit$$0000000D
    libinit2.o(.ARM.Collect$$libinit$$00000016) refers to libinit2.o(.ARM.Collect$$libinit$$0000000D) for .ARM.Collect$$libinit$$0000000D
    libinit2.o(.ARM.Collect$$libinit$$00000024) refers to argv_veneer.o(.emb_text) for __ARM_argv_veneer
    libinit2.o(.ARM.Collect$$libinit$$00000025) refers to argv_veneer.o(.emb_text) for __ARM_argv_veneer
    libinit2.o(.ARM.Collect$$libinit$$0000002F) refers (Weak) to init_aeabi.o(.text) for __cpp_initialize__aeabi_
    libshutdown2.o(.ARM.Collect$$libshutdown$$00000001) refers (Weak) to cxa_finalize.o(i.__cxa_finalize) for __cxa_finalize
    libshutdown2.o(.ARM.Collect$$libshutdown$$0000000C) refers (Weak) to term_alloc.o(.text) for _terminate_alloc
    cxa_atexit.o(i.__cxa_atexit) refers (Special) to libshutdown2.o(.ARM.Collect$$libshutdown$$00000001) for __rt_lib_shutdown_cpp_1
    cxa_atexit.o(i.__cxa_atexit) refers to aeabi_atexit.o(i.__aeabi_atexit) for __aeabi_atexit
    cxa_atexit.o(.ARM.exidx) refers (Special) to libshutdown2.o(.ARM.Collect$$libshutdown$$00000001) for __rt_lib_shutdown_cpp_1
    cxa_atexit.o(.ARM.exidx) refers to cxa_atexit.o(i.__cxa_atexit) for i.__cxa_atexit
    cxa_finalize.o(i.__cxa_finalize) refers (Special) to libshutdown2.o(.ARM.Collect$$libshutdown$$00000001) for __rt_lib_shutdown_cpp_1
    cxa_finalize.o(i.__cxa_finalize) refers to rt_ddtor_pointer_addr_intlibspace.o(.text) for __rt_ddtor_pointer_addr
    cxa_finalize.o(i.__cxa_finalize) refers to h1_free.o(.text) for free
    cxa_finalize.o(.ARM.exidx) refers (Special) to libshutdown2.o(.ARM.Collect$$libshutdown$$00000001) for __rt_lib_shutdown_cpp_1
    cxa_finalize.o(.ARM.exidx) refers to cxa_finalize.o(i.__cxa_finalize) for i.__cxa_finalize
    dnaninf.o(x$fpl$dnaninf) refers (Special) to usenofp.o(x$fpl$usenofp) for __I$use$fp
    dretinf.o(x$fpl$dretinf) refers (Special) to usenofp.o(x$fpl$usenofp) for __I$use$fp
    fnaninf.o(x$fpl$fnaninf) refers (Special) to usenofp.o(x$fpl$usenofp) for __I$use$fp
    fretinf.o(x$fpl$fretinf) refers (Special) to usenofp.o(x$fpl$usenofp) for __I$use$fp
    sys_command.o(.text) refers (Special) to use_no_semi.o(.text) for __I$use$semihosting
    sys_command.o(.text) refers (Special) to indicate_semi.o(.text) for __semihosting_library_function
    libspace.o(.text) refers to libspace.o(.bss) for __libspace_start
    rtentry2.o(.ARM.Collect$$rtentry$$00000008) refers to boardinit2.o(.text) for _platform_post_stackheap_init
    rtentry2.o(.ARM.Collect$$rtentry$$0000000A) refers to libinit.o(.ARM.Collect$$libinit$$00000000) for __rt_lib_init
    rtentry2.o(.ARM.Collect$$rtentry$$0000000B) refers to boardinit3.o(.text) for _platform_post_lib_init
    rtentry2.o(.ARM.Collect$$rtentry$$0000000D) refers to main.o(.text) for main
    rtentry2.o(.ARM.Collect$$rtentry$$0000000D) refers to exit.o(.text) for exit
    rtentry2.o(.ARM.exidx) refers to rtentry2.o(.ARM.Collect$$rtentry$$00000001) for .ARM.Collect$$rtentry$$00000001
    rtentry2.o(.ARM.exidx) refers to rtentry2.o(.ARM.Collect$$rtentry$$00000008) for .ARM.Collect$$rtentry$$00000008
    rtentry2.o(.ARM.exidx) refers to rtentry2.o(.ARM.Collect$$rtentry$$0000000A) for .ARM.Collect$$rtentry$$0000000A
    rtentry2.o(.ARM.exidx) refers to rtentry2.o(.ARM.Collect$$rtentry$$0000000B) for .ARM.Collect$$rtentry$$0000000B
    rtentry2.o(.ARM.exidx) refers to rtentry2.o(.ARM.Collect$$rtentry$$0000000D) for .ARM.Collect$$rtentry$$0000000D
    rtentry4.o(.ARM.Collect$$rtentry$$00000004) refers to sys_stackheap_outer.o(.text) for __user_setup_stackheap
    rtentry4.o(.ARM.exidx) refers to rtentry4.o(.ARM.Collect$$rtentry$$00000004) for .ARM.Collect$$rtentry$$00000004
    rt_ctype_table.o(.text) refers to rt_locale_intlibspace.o(.text) for __rt_locale
    rt_ctype_table.o(.text) refers to lc_ctype_c.o(locale$$code) for _get_lc_ctype
    maybetermalloc2.o(.emb_text) refers (Special) to term_alloc.o(.text) for _terminate_alloc
    h1_extend.o(.text) refers to h1_free.o(.text) for free
    h1_extend_mt.o(.text) refers to h1_free_mt.o(.text) for _free_internal
    _strtoul.o(.text) refers to _chval.o(.text) for _chval
    _strtoul.o(.text) refers to rt_errno_addr_intlibspace.o(.text) for __aeabi_errno_addr
    defsig_rtmem_outer.o(.text) refers to defsig_rtmem_inner.o(.text) for __rt_SIGRTMEM_inner
    defsig_rtmem_outer.o(.text) refers to defsig_exit.o(.text) for __sig_exit
    defsig_rtmem_formal.o(.text) refers to rt_raise.o(.text) for __rt_raise
    heapauxa.o(.text) refers to heapauxa.o(.data) for .data
    argv_veneer.o(.emb_text) refers to no_argv.o(.text) for __ARM_get_argv
    sys_stackheap_outer.o(.text) refers to libspace.o(.text) for __user_perproc_libspace
    sys_stackheap_outer.o(.text) refers to startup_stm32f10x_md.o(.text) for __user_initial_stackheap
    rt_raise.o(.text) refers to __raise.o(.text) for __raise
    rt_raise.o(.text) refers to sys_exit.o(.text) for _sys_exit
    rt_locale.o(.text) refers to rt_locale.o(.bss) for __rt_locale_data
    rt_locale_intlibspace.o(.text) refers to libspace.o(.bss) for __libspace_start
    term_alloc.o(.text) refers (Special) to libshutdown2.o(.ARM.Collect$$libshutdown$$0000000D) for __rt_lib_shutdown_heap_2
    term_alloc.o(.text) refers to rt_heap_descriptor_intlibspace.o(.text) for __rt_heap_descriptor
    term_alloc.o(.text) refers to h1_final.o(.text) for __Heap_Finalize
    lc_ctype_c.o(locale$$data) refers (Special) to libinit2.o(.ARM.Collect$$libinit$$00000010) for __rt_lib_init_lc_ctype_2
    lc_ctype_c.o(locale$$code) refers (Special) to libinit2.o(.ARM.Collect$$libinit$$00000010) for __rt_lib_init_lc_ctype_2
    lc_ctype_c.o(locale$$code) refers to strcmpv7m.o(.text) for strcmp
    lc_ctype_c.o(locale$$code) refers to lc_ctype_c.o(locale$$data) for __lcctype_c_name
    exit.o(.text) refers to rtexit.o(.ARM.Collect$$rtexit$$00000000) for __rt_exit
    defsig_exit.o(.text) refers to sys_exit.o(.text) for _sys_exit
    defsig_rtmem_inner.o(.text) refers to defsig_general.o(.text) for __default_signal_display
    _get_argv_nomalloc.o(.text) refers (Special) to hrguard.o(.text) for __heap_region$guard
    _get_argv_nomalloc.o(.text) refers to defsig_rtmem_outer.o(.text) for __rt_SIGRTMEM
    _get_argv_nomalloc.o(.text) refers to sys_command.o(.text) for _sys_command_string
    libinit.o(.ARM.Collect$$libinit$$00000000) refers (Special) to libinit2.o(.ARM.Collect$$libinit$$0000002C) for __rt_lib_init_alloca_1
    libinit.o(.ARM.Collect$$libinit$$00000000) refers (Special) to libinit2.o(.ARM.Collect$$libinit$$0000002A) for __rt_lib_init_argv_1
    libinit.o(.ARM.Collect$$libinit$$00000000) refers (Special) to libinit2.o(.ARM.Collect$$libinit$$00000019) for __rt_lib_init_atexit_1
    libinit.o(.ARM.Collect$$libinit$$00000000) refers (Special) to libinit2.o(.ARM.Collect$$libinit$$0000001F) for __rt_lib_init_clock_1
    libinit.o(.ARM.Collect$$libinit$$00000000) refers (Special) to libinit2.o(.ARM.Collect$$libinit$$00000030) for __rt_lib_init_cpp_1
    libinit.o(.ARM.Collect$$libinit$$00000000) refers (Special) to libinit2.o(.ARM.Collect$$libinit$$0000002E) for __rt_lib_init_exceptions_1
    libinit.o(.ARM.Collect$$libinit$$00000000) refers (Special) to libinit2.o(.ARM.Collect$$libinit$$00000002) for __rt_lib_init_fp_1
    libinit.o(.ARM.Collect$$libinit$$00000000) refers (Special) to libinit2.o(.ARM.Collect$$libinit$$0000001D) for __rt_lib_init_fp_trap_1
    libinit.o(.ARM.Collect$$libinit$$00000000) refers (Special) to libinit2.o(.ARM.Collect$$libinit$$00000021) for __rt_lib_init_getenv_1
    libinit.o(.ARM.Collect$$libinit$$00000000) refers (Special) to libinit2.o(.ARM.Collect$$libinit$$00000008) for __rt_lib_init_heap_1
    libinit.o(.ARM.Collect$$libinit$$00000000) refers (Special) to libinit2.o(.ARM.Collect$$libinit$$0000000F) for __rt_lib_init_lc_collate_1
    libinit.o(.ARM.Collect$$libinit$$00000000) refers (Special) to libinit2.o(.ARM.Collect$$libinit$$00000011) for __rt_lib_init_lc_ctype_1
    libinit.o(.ARM.Collect$$libinit$$00000000) refers (Special) to libinit2.o(.ARM.Collect$$libinit$$00000013) for __rt_lib_init_lc_monetary_1
    libinit.o(.ARM.Collect$$libinit$$00000000) refers (Special) to libinit2.o(.ARM.Collect$$libinit$$00000015) for __rt_lib_init_lc_numeric_1
    libinit.o(.ARM.Collect$$libinit$$00000000) refers (Special) to libinit2.o(.ARM.Collect$$libinit$$00000017) for __rt_lib_init_lc_time_1
    libinit.o(.ARM.Collect$$libinit$$00000000) refers (Special) to libinit2.o(.ARM.Collect$$libinit$$0000000C) for __rt_lib_init_rand_1
    libinit.o(.ARM.Collect$$libinit$$00000000) refers (Special) to libinit2.o(.ARM.Collect$$libinit$$00000031) for __rt_lib_init_return
    libinit.o(.ARM.Collect$$libinit$$00000000) refers (Special) to libinit2.o(.ARM.Collect$$libinit$$0000001B) for __rt_lib_init_signal_1
    libinit.o(.ARM.Collect$$libinit$$00000000) refers (Special) to libinit2.o(.ARM.Collect$$libinit$$00000023) for __rt_lib_init_stdio_1
    libinit.o(.ARM.Collect$$libinit$$00000000) refers (Special) to libinit2.o(.ARM.Collect$$libinit$$0000000A) for __rt_lib_init_user_alloc_1
    sys_exit.o(.text) refers (Special) to use_no_semi.o(.text) for __I$use$semihosting
    sys_exit.o(.text) refers (Special) to indicate_semi.o(.text) for __semihosting_library_function
    rtexit.o(.ARM.Collect$$rtexit$$00000000) refers (Special) to rtexit2.o(.ARM.Collect$$rtexit$$00000004) for __rt_exit_exit
    rtexit.o(.ARM.Collect$$rtexit$$00000000) refers (Special) to rtexit2.o(.ARM.Collect$$rtexit$$00000003) for __rt_exit_ls
    rtexit.o(.ARM.Collect$$rtexit$$00000000) refers (Special) to rtexit2.o(.ARM.Collect$$rtexit$$00000002) for __rt_exit_prels_1
    rtexit.o(.ARM.exidx) refers (Special) to rtexit2.o(.ARM.Collect$$rtexit$$00000004) for __rt_exit_exit
    rtexit.o(.ARM.exidx) refers (Special) to rtexit2.o(.ARM.Collect$$rtexit$$00000003) for __rt_exit_ls
    rtexit.o(.ARM.exidx) refers (Special) to rtexit2.o(.ARM.Collect$$rtexit$$00000002) for __rt_exit_prels_1
    rtexit.o(.ARM.exidx) refers to rtexit.o(.ARM.Collect$$rtexit$$00000000) for .ARM.Collect$$rtexit$$00000000
    __raise.o(.text) refers to defsig.o(CL$$defsig) for __default_signal_handler
    defsig_general.o(.text) refers to sys_wrch.o(.text) for _ttywrch
    sys_wrch.o(.text) refers (Special) to use_no_semi.o(.text) for __I$use$semihosting
    sys_wrch.o(.text) refers (Special) to indicate_semi.o(.text) for __semihosting_library_function
    rtexit2.o(.ARM.Collect$$rtexit$$00000003) refers to libshutdown.o(.ARM.Collect$$libshutdown$$00000000) for __rt_lib_shutdown
    rtexit2.o(.ARM.Collect$$rtexit$$00000004) refers to sys_exit.o(.text) for _sys_exit
    rtexit2.o(.ARM.exidx) refers to rtexit2.o(.ARM.Collect$$rtexit$$00000001) for .ARM.Collect$$rtexit$$00000001
    rtexit2.o(.ARM.exidx) refers to rtexit2.o(.ARM.Collect$$rtexit$$00000003) for .ARM.Collect$$rtexit$$00000003
    rtexit2.o(.ARM.exidx) refers to rtexit2.o(.ARM.Collect$$rtexit$$00000004) for .ARM.Collect$$rtexit$$00000004
    defsig.o(CL$$defsig) refers to defsig_rtmem_inner.o(.text) for __rt_SIGRTMEM_inner
    defsig_abrt_inner.o(.text) refers to defsig_general.o(.text) for __default_signal_display
    defsig_fpe_inner.o(.text) refers to defsig_general.o(.text) for __default_signal_display
    defsig_rtred_inner.o(.text) refers to defsig_general.o(.text) for __default_signal_display
    defsig_stak_inner.o(.text) refers to defsig_general.o(.text) for __default_signal_display
    defsig_pvfn_inner.o(.text) refers to defsig_general.o(.text) for __default_signal_display
    defsig_cppl_inner.o(.text) refers to defsig_general.o(.text) for __default_signal_display
    defsig_segv_inner.o(.text) refers to defsig_general.o(.text) for __default_signal_display
    defsig_other.o(.text) refers to defsig_general.o(.text) for __default_signal_display
    libshutdown.o(.ARM.Collect$$libshutdown$$00000000) refers (Special) to libshutdown2.o(.ARM.Collect$$libshutdown$$00000006) for __rt_lib_shutdown_fp_trap_1
    libshutdown.o(.ARM.Collect$$libshutdown$$00000000) refers (Special) to libshutdown2.o(.ARM.Collect$$libshutdown$$0000000E) for __rt_lib_shutdown_heap_1
    libshutdown.o(.ARM.Collect$$libshutdown$$00000000) refers (Special) to libshutdown2.o(.ARM.Collect$$libshutdown$$0000000F) for __rt_lib_shutdown_return
    libshutdown.o(.ARM.Collect$$libshutdown$$00000000) refers (Special) to libshutdown2.o(.ARM.Collect$$libshutdown$$00000009) for __rt_lib_shutdown_signal_1
    libshutdown.o(.ARM.Collect$$libshutdown$$00000000) refers (Special) to libshutdown2.o(.ARM.Collect$$libshutdown$$00000003) for __rt_lib_shutdown_stdio_1
    libshutdown.o(.ARM.Collect$$libshutdown$$00000000) refers (Special) to libshutdown2.o(.ARM.Collect$$libshutdown$$0000000B) for __rt_lib_shutdown_user_alloc_1
    main.o(.ARM.exidx) refers to main.o(t._ZN10RingBufferIhE4PushEh) for t._ZN10RingBufferIhE4PushEh
    main.o(.ARM.exidx) refers to main.o(t._ZN10RingBufferIhE5ReSetEv) for t._ZN10RingBufferIhE5ReSetEv
    main.o(.ARM.exidx) refers to main.o(t._ZN10RingBufferIhE3PopEPh) for t._ZN10RingBufferIhE3PopEPh
    main.o(.ARM.exidx) refers to main.o(t._ZN10RingBufferIhE9SetBufferEPhj) for t._ZN10RingBufferIhE9SetBufferEPhj
    main.o(.ARM.exidx) refers to main.o(t._ZN10RingBufferIhEC1Ev) for t._ZN10RingBufferIhEC1Ev
    main.o(.ARM.exidx) refers to main.o(t._ZN10RingBufferIhED1Ev) for t._ZN10RingBufferIhED1Ev
    mscomm.o(.ARM.exidx) refers to mscomm.o(t._ZN10RingBufferIhE15GetBufferLengthEv) for t._ZN10RingBufferIhE15GetBufferLengthEv
    mscomm.o(.ARM.exidx) refers to mscomm.o(t._ZN10RingBufferIhE9GetBufferEv) for t._ZN10RingBufferIhE9GetBufferEv


==============================================================================

Removing Unused input sections from the image.

    Removing main.o(.ARM.exidx), (8 bytes).
    Removing pwm.o(.ARM.exidx), (8 bytes).
    Removing hardware_pwm.o(.ARM.exidx), (8 bytes).
    Removing pwm_top.o(.ARM.exidx), (8 bytes).
    Removing mscomm.o(.text), (2728 bytes).
    Removing mscomm.o(.ARM.exidx), (8 bytes).
    Removing main.o(.ARM.exidx), (8 bytes).
    Removing main.o(.ARM.exidx), (8 bytes).
    Removing main.o(.ARM.exidx), (8 bytes).
    Removing main.o(.ARM.exidx), (8 bytes).
    Removing main.o(.ARM.exidx), (8 bytes).
    Removing main.o(.ARM.exidx), (8 bytes).
    Removing mscomm.o(t._ZN10RingBufferIhE15GetBufferLengthEv), (6 bytes).
    Removing mscomm.o(.ARM.exidx), (8 bytes).
    Removing mscomm.o(t._ZN10RingBufferIhE9GetBufferEv), (6 bytes).
    Removing mscomm.o(.ARM.exidx), (8 bytes).

16 unused section(s) (total 2844 bytes) removed from the image.

==============================================================================

Image Symbol Table

    Local Symbols

    Symbol Name                              Value     Ov Type        Size  Object(Section)

    ../../../edgfe/lib_src/dtor_list.c       0x00000000   Number         0  aeabi_atexit.o ABSOLUTE
    ../../../edgfe/lib_src/dtor_list.c       0x00000000   Number         0  cxa_atexit.o ABSOLUTE
    ../../../edgfe/lib_src/dtor_list.c       0x00000000   Number         0  cxa_finalize.o ABSOLUTE
    ../clib/angel/boardlib.s                 0x00000000   Number         0  boardinit3.o ABSOLUTE
    ../clib/angel/boardlib.s                 0x00000000   Number         0  boardshut.o ABSOLUTE
    ../clib/angel/boardlib.s                 0x00000000   Number         0  boardinit2.o ABSOLUTE
    ../clib/angel/boardlib.s                 0x00000000   Number         0  boardinit1.o ABSOLUTE
    ../clib/angel/dczerorl2.s                0x00000000   Number         0  __dczerorl2.o ABSOLUTE
    ../clib/angel/handlers.s                 0x00000000   Number         0  __scatter_zi.o ABSOLUTE
    ../clib/angel/kernel.s                   0x00000000   Number         0  rtentry4.o ABSOLUTE
    ../clib/angel/kernel.s                   0x00000000   Number         0  rtexit2.o ABSOLUTE
    ../clib/angel/kernel.s                   0x00000000   Number         0  rtentry2.o ABSOLUTE
    ../clib/angel/kernel.s                   0x00000000   Number         0  rtexit.o ABSOLUTE
    ../clib/angel/kernel.s                   0x00000000   Number         0  rtentry.o ABSOLUTE
    ../clib/angel/rt.s                       0x00000000   Number         0  rt_heap_descriptor.o ABSOLUTE
    ../clib/angel/rt.s                       0x00000000   Number         0  rt_heap_descriptor_intlibspace.o ABSOLUTE
    ../clib/angel/rt.s                       0x00000000   Number         0  rt_errno_addr_intlibspace.o ABSOLUTE
    ../clib/angel/rt.s                       0x00000000   Number         0  rt_errno_addr.o ABSOLUTE
    ../clib/angel/rt.s                       0x00000000   Number         0  rt_ddtor_pointer_addr_intlibspace.o ABSOLUTE
    ../clib/angel/rt.s                       0x00000000   Number         0  rt_locale_intlibspace.o ABSOLUTE
    ../clib/angel/rt.s                       0x00000000   Number         0  rt_locale.o ABSOLUTE
    ../clib/angel/rt.s                       0x00000000   Number         0  rt_ctype_table.o ABSOLUTE
    ../clib/angel/rt.s                       0x00000000   Number         0  rt_ddtor_pointer_addr.o ABSOLUTE
    ../clib/angel/rt.s                       0x00000000   Number         0  rt_raise.o ABSOLUTE
    ../clib/angel/scatter.s                  0x00000000   Number         0  __scatter.o ABSOLUTE
    ../clib/angel/startup.s                  0x00000000   Number         0  __main.o ABSOLUTE
    ../clib/angel/sys.s                      0x00000000   Number         0  use_no_semi.o ABSOLUTE
    ../clib/angel/sys.s                      0x00000000   Number         0  libspace.o ABSOLUTE
    ../clib/angel/sys.s                      0x00000000   Number         0  sys_stackheap_outer.o ABSOLUTE
    ../clib/angel/sys.s                      0x00000000   Number         0  mutex_dummy.o ABSOLUTE
    ../clib/angel/sys.s                      0x00000000   Number         0  indicate_semi.o ABSOLUTE
    ../clib/angel/sysapp.c                   0x00000000   Number         0  sys_command.o ABSOLUTE
    ../clib/angel/sysapp.c                   0x00000000   Number         0  sys_wrch.o ABSOLUTE
    ../clib/angel/sysapp.c                   0x00000000   Number         0  sys_exit.o ABSOLUTE
    ../clib/arm_runtime.c                    0x00000000   Number         0  init_aeabi.o ABSOLUTE
    ../clib/arm_runtime.c                    0x00000000   Number         0  init_aeabi.o ABSOLUTE
    ../clib/armsys.c                         0x00000000   Number         0  _get_argv.o ABSOLUTE
    ../clib/armsys.c                         0x00000000   Number         0  _get_argv_nomalloc.o ABSOLUTE
    ../clib/armsys.c                         0x00000000   Number         0  no_argv.o ABSOLUTE
    ../clib/armsys.c                         0x00000000   Number         0  argv_veneer.o ABSOLUTE
    ../clib/armsys.c                         0x00000000   Number         0  argv_veneer.o ABSOLUTE
    ../clib/heap1.c                          0x00000000   Number         0  h1_final.o ABSOLUTE
    ../clib/heap1.c                          0x00000000   Number         0  h1_free.o ABSOLUTE
    ../clib/heap1.c                          0x00000000   Number         0  h1_free_mt.o ABSOLUTE
    ../clib/heap1.c                          0x00000000   Number         0  h1_init.o ABSOLUTE
    ../clib/heap1.c                          0x00000000   Number         0  h1_extend.o ABSOLUTE
    ../clib/heap1.c                          0x00000000   Number         0  h1_alloc.o ABSOLUTE
    ../clib/heap1.c                          0x00000000   Number         0  h1_extend_mt.o ABSOLUTE
    ../clib/heap1.c                          0x00000000   Number         0  h1_alloc_mt.o ABSOLUTE
    ../clib/heap1.c                          0x00000000   Number         0  h1_final_mt.o ABSOLUTE
    ../clib/heap1.c                          0x00000000   Number         0  h1_init_mt.o ABSOLUTE
    ../clib/heap2.c                          0x00000000   Number         0  heap2mt.o ABSOLUTE
    ../clib/heap2.c                          0x00000000   Number         0  heap2.o ABSOLUTE
    ../clib/heap2.c                          0x00000000   Number         0  fdtree.o ABSOLUTE
    ../clib/heapalloc.c                      0x00000000   Number         0  heapstubs.o ABSOLUTE
    ../clib/heapalloc.c                      0x00000000   Number         0  hguard.o ABSOLUTE
    ../clib/heapalloc.c                      0x00000000   Number         0  maybetermalloc2.o ABSOLUTE
    ../clib/heapalloc.c                      0x00000000   Number         0  init_alloc.o ABSOLUTE
    ../clib/heapalloc.c                      0x00000000   Number         0  hrguard.o ABSOLUTE
    ../clib/heapalloc.c                      0x00000000   Number         0  maybetermalloc1.o ABSOLUTE
    ../clib/heapalloc.c                      0x00000000   Number         0  maybetermalloc1.o ABSOLUTE
    ../clib/heapalloc.c                      0x00000000   Number         0  maybetermalloc2.o ABSOLUTE
    ../clib/heapalloc.c                      0x00000000   Number         0  malloc.o ABSOLUTE
    ../clib/heapalloc.c                      0x00000000   Number         0  term_alloc.o ABSOLUTE
    ../clib/heapalloc.c                      0x00000000   Number         0  free.o ABSOLUTE
    ../clib/heapaux.c                        0x00000000   Number         0  heapauxa.o ABSOLUTE
    ../clib/heapaux.c                        0x00000000   Number         0  heapauxi.o ABSOLUTE
    ../clib/libinit.s                        0x00000000   Number         0  libshutdown.o ABSOLUTE
    ../clib/libinit.s                        0x00000000   Number         0  libshutdown2.o ABSOLUTE
    ../clib/libinit.s                        0x00000000   Number         0  libinit2.o ABSOLUTE
    ../clib/libinit.s                        0x00000000   Number         0  libinit.o ABSOLUTE
    ../clib/locale.s                         0x00000000   Number         0  lc_ctype_c.o ABSOLUTE
    ../clib/memcpset.s                       0x00000000   Number         0  strcmpv7m.o ABSOLUTE
    ../clib/memcpset.s                       0x00000000   Number         0  rt_memclr_w.o ABSOLUTE
    ../clib/memcpset.s                       0x00000000   Number         0  rt_memcpy_w.o ABSOLUTE
    ../clib/scanf.c                          0x00000000   Number         0  strtol.o ABSOLUTE
    ../clib/scanf.c                          0x00000000   Number         0  atol.o ABSOLUTE
    ../clib/scanf.c                          0x00000000   Number         0  _strtoul.o ABSOLUTE
    ../clib/scanf.c                          0x00000000   Number         0  _chval.o ABSOLUTE
    ../clib/signal.c                         0x00000000   Number         0  defsig_other.o ABSOLUTE
    ../clib/signal.c                         0x00000000   Number         0  defsig_segv_inner.o ABSOLUTE
    ../clib/signal.c                         0x00000000   Number         0  defsig_exit.o ABSOLUTE
    ../clib/signal.c                         0x00000000   Number         0  __raise.o ABSOLUTE
    ../clib/signal.c                         0x00000000   Number         0  defsig_abrt_inner.o ABSOLUTE
    ../clib/signal.c                         0x00000000   Number         0  defsig_rtmem_outer.o ABSOLUTE
    ../clib/signal.c                         0x00000000   Number         0  defsig_rtmem_inner.o ABSOLUTE
    ../clib/signal.c                         0x00000000   Number         0  defsig_general.o ABSOLUTE
    ../clib/signal.c                         0x00000000   Number         0  defsig_fpe_inner.o ABSOLUTE
    ../clib/signal.c                         0x00000000   Number         0  defsig_rtred_inner.o ABSOLUTE
    ../clib/signal.c                         0x00000000   Number         0  defsig_stak_inner.o ABSOLUTE
    ../clib/signal.c                         0x00000000   Number         0  defsig_rtmem_formal.o ABSOLUTE
    ../clib/signal.c                         0x00000000   Number         0  defsig_pvfn_inner.o ABSOLUTE
    ../clib/signal.c                         0x00000000   Number         0  defsig_cppl_inner.o ABSOLUTE
    ../clib/signal.s                         0x00000000   Number         0  defsig.o ABSOLUTE
    ../clib/stdlib.c                         0x00000000   Number         0  exit.o ABSOLUTE
    ../clib/stdlib.c                         0x00000000   Number         0  atexit_cpp.o ABSOLUTE
    ../fplib/d2f.s                           0x00000000   Number         0  d2f.o ABSOLUTE
    ../fplib/ddiv.s                          0x00000000   Number         0  ddiv.o ABSOLUTE
    ../fplib/dflt.s                          0x00000000   Number         0  dflt_clz.o ABSOLUTE
    ../fplib/dnaninf.s                       0x00000000   Number         0  dnaninf.o ABSOLUTE
    ../fplib/dretinf.s                       0x00000000   Number         0  dretinf.o ABSOLUTE
    ../fplib/faddsub.s                       0x00000000   Number         0  faddsub_clz.o ABSOLUTE
    ../fplib/ffix.s                          0x00000000   Number         0  ffix.o ABSOLUTE
    ../fplib/ffixu.s                         0x00000000   Number         0  ffixu.o ABSOLUTE
    ../fplib/fflt.s                          0x00000000   Number         0  fflt_clz.o ABSOLUTE
    ../fplib/fmul.s                          0x00000000   Number         0  fmul.o ABSOLUTE
    ../fplib/fnaninf.s                       0x00000000   Number         0  fnaninf.o ABSOLUTE
    ../fplib/fpinit.s                        0x00000000   Number         0  fpinit.o ABSOLUTE
    ../fplib/fretinf.s                       0x00000000   Number         0  fretinf.o ABSOLUTE
    ../fplib/usenofp.s                       0x00000000   Number         0  usenofp.o ABSOLUTE
    Source_Files\delay.c                     0x00000000   Number         0  delay.o ABSOLUTE
    Source_Files\hardware_pwm.cpp            0x00000000   Number         0  hardware_pwm.o ABSOLUTE
    Source_Files\main.cpp                    0x00000000   Number         0  main.o ABSOLUTE
    Source_Files\mscomm.cpp                  0x00000000   Number         0  mscomm.o ABSOLUTE
    Source_Files\pwm.cpp                     0x00000000   Number         0  pwm.o ABSOLUTE
    Source_Files\pwm_top.cpp                 0x00000000   Number         0  pwm_top.o ABSOLUTE
    Source_Files\ring_buffer.cpp             0x00000000   Number         0  ring_buffer.o ABSOLUTE
    Source_Files\spi.c                       0x00000000   Number         0  spi.o ABSOLUTE
    Source_Files\startup_stm32f10x_md.s      0x00000000   Number         0  startup_stm32f10x_md.o ABSOLUTE
    dc.s                                     0x00000000   Number         0  dc.o ABSOLUTE
    RESET                                    0x08000000   Section      236  startup_stm32f10x_md.o(RESET)
    !!!main                                  0x080000ec   Section        8  __main.o(!!!main)
    !!!scatter                               0x080000f4   Section       52  __scatter.o(!!!scatter)
    !!dczerorl2                              0x08000128   Section       90  __dczerorl2.o(!!dczerorl2)
    !!handler_zi                             0x08000184   Section       28  __scatter_zi.o(!!handler_zi)
    .ARM.Collect$$libinit$$00000000          0x080001a0   Section        2  libinit.o(.ARM.Collect$$libinit$$00000000)
    .ARM.Collect$$libinit$$00000002          0x080001a2   Section        0  libinit2.o(.ARM.Collect$$libinit$$00000002)
    .ARM.Collect$$libinit$$00000003          0x080001a2   Section        8  libinit2.o(.ARM.Collect$$libinit$$00000003)
    .ARM.Collect$$libinit$$00000008          0x080001aa   Section        0  libinit2.o(.ARM.Collect$$libinit$$00000008)
    .ARM.Collect$$libinit$$0000000A          0x080001aa   Section        0  libinit2.o(.ARM.Collect$$libinit$$0000000A)
    .ARM.Collect$$libinit$$0000000C          0x080001aa   Section        0  libinit2.o(.ARM.Collect$$libinit$$0000000C)
    .ARM.Collect$$libinit$$0000000F          0x080001aa   Section        0  libinit2.o(.ARM.Collect$$libinit$$0000000F)
    .ARM.Collect$$libinit$$00000011          0x080001aa   Section        0  libinit2.o(.ARM.Collect$$libinit$$00000011)
    .ARM.Collect$$libinit$$00000013          0x080001aa   Section        0  libinit2.o(.ARM.Collect$$libinit$$00000013)
    .ARM.Collect$$libinit$$00000015          0x080001aa   Section        0  libinit2.o(.ARM.Collect$$libinit$$00000015)
    .ARM.Collect$$libinit$$00000017          0x080001aa   Section        0  libinit2.o(.ARM.Collect$$libinit$$00000017)
    .ARM.Collect$$libinit$$00000019          0x080001aa   Section        0  libinit2.o(.ARM.Collect$$libinit$$00000019)
    .ARM.Collect$$libinit$$0000001B          0x080001aa   Section        0  libinit2.o(.ARM.Collect$$libinit$$0000001B)
    .ARM.Collect$$libinit$$0000001D          0x080001aa   Section        0  libinit2.o(.ARM.Collect$$libinit$$0000001D)
    .ARM.Collect$$libinit$$0000001F          0x080001aa   Section        0  libinit2.o(.ARM.Collect$$libinit$$0000001F)
    .ARM.Collect$$libinit$$00000021          0x080001aa   Section        0  libinit2.o(.ARM.Collect$$libinit$$00000021)
    .ARM.Collect$$libinit$$00000023          0x080001aa   Section        0  libinit2.o(.ARM.Collect$$libinit$$00000023)
    .ARM.Collect$$libinit$$0000002A          0x080001aa   Section        0  libinit2.o(.ARM.Collect$$libinit$$0000002A)
    .ARM.Collect$$libinit$$0000002C          0x080001aa   Section        0  libinit2.o(.ARM.Collect$$libinit$$0000002C)
    .ARM.Collect$$libinit$$0000002E          0x080001aa   Section        0  libinit2.o(.ARM.Collect$$libinit$$0000002E)
    .ARM.Collect$$libinit$$0000002F          0x080001aa   Section        4  libinit2.o(.ARM.Collect$$libinit$$0000002F)
    .ARM.Collect$$libinit$$00000030          0x080001ae   Section        0  libinit2.o(.ARM.Collect$$libinit$$00000030)
    .ARM.Collect$$libinit$$00000031          0x080001ae   Section        2  libinit2.o(.ARM.Collect$$libinit$$00000031)
    .ARM.Collect$$libshutdown$$00000000      0x080001b0   Section        2  libshutdown.o(.ARM.Collect$$libshutdown$$00000000)
    .ARM.Collect$$libshutdown$$00000001      0x080001b2   Section        6  libshutdown2.o(.ARM.Collect$$libshutdown$$00000001)
    .ARM.Collect$$libshutdown$$00000003      0x080001b8   Section        0  libshutdown2.o(.ARM.Collect$$libshutdown$$00000003)
    .ARM.Collect$$libshutdown$$00000006      0x080001b8   Section        0  libshutdown2.o(.ARM.Collect$$libshutdown$$00000006)
    .ARM.Collect$$libshutdown$$00000009      0x080001b8   Section        0  libshutdown2.o(.ARM.Collect$$libshutdown$$00000009)
    .ARM.Collect$$libshutdown$$0000000B      0x080001b8   Section        0  libshutdown2.o(.ARM.Collect$$libshutdown$$0000000B)
    .ARM.Collect$$libshutdown$$0000000E      0x080001b8   Section        0  libshutdown2.o(.ARM.Collect$$libshutdown$$0000000E)
    .ARM.Collect$$libshutdown$$0000000F      0x080001b8   Section        2  libshutdown2.o(.ARM.Collect$$libshutdown$$0000000F)
    .ARM.Collect$$rtentry$$00000000          0x080001ba   Section        0  rtentry.o(.ARM.Collect$$rtentry$$00000000)
    .ARM.Collect$$rtentry$$00000002          0x080001ba   Section        0  rtentry2.o(.ARM.Collect$$rtentry$$00000002)
    .ARM.Collect$$rtentry$$00000004          0x080001ba   Section        6  rtentry4.o(.ARM.Collect$$rtentry$$00000004)
    .ARM.Collect$$rtentry$$00000009          0x080001c0   Section        0  rtentry2.o(.ARM.Collect$$rtentry$$00000009)
    .ARM.Collect$$rtentry$$0000000A          0x080001c0   Section        4  rtentry2.o(.ARM.Collect$$rtentry$$0000000A)
    .ARM.Collect$$rtentry$$0000000C          0x080001c4   Section        0  rtentry2.o(.ARM.Collect$$rtentry$$0000000C)
    .ARM.Collect$$rtentry$$0000000D          0x080001c4   Section        8  rtentry2.o(.ARM.Collect$$rtentry$$0000000D)
    .ARM.Collect$$rtexit$$00000000           0x080001cc   Section        2  rtexit.o(.ARM.Collect$$rtexit$$00000000)
    .ARM.Collect$$rtexit$$00000002           0x080001ce   Section        0  rtexit2.o(.ARM.Collect$$rtexit$$00000002)
    .ARM.Collect$$rtexit$$00000003           0x080001ce   Section        4  rtexit2.o(.ARM.Collect$$rtexit$$00000003)
    .ARM.Collect$$rtexit$$00000004           0x080001d2   Section        6  rtexit2.o(.ARM.Collect$$rtexit$$00000004)
    .emb_text                                0x080001d8   Section        0  maybetermalloc1.o(.emb_text)
    .text                                    0x080001d8   Section        0  delay.o(.text)
    .text                                    0x080001fc   Section        0  spi.o(.text)
    .text                                    0x080004c0   Section       56  startup_stm32f10x_md.o(.text)
    .text                                    0x080004f8   Section        0  main.o(.text)
    __sti___8_main_cpp_SpiFifo               0x08000e6f   Thumb Code    20  main.o(.text)
    .text                                    0x08000ea8   Section        0  pwm.o(.text)
    .text                                    0x08001064   Section        0  hardware_pwm.o(.text)
    .text                                    0x080014e0   Section        0  pwm_top.o(.text)
    __sti___11_pwm_top_cpp_hdPwm             0x08001ef5   Thumb Code    48  pwm_top.o(.text)
    .text                                    0x08001f48   Section        0  h1_alloc.o(.text)
    .text                                    0x08001fa6   Section       78  rt_memclr_w.o(.text)
    .text                                    0x08001ff4   Section        0  heapauxi.o(.text)
    .text                                    0x08001ffc   Section        0  init_aeabi.o(.text)
    .text                                    0x08002020   Section        8  rt_heap_descriptor_intlibspace.o(.text)
    .text                                    0x08002028   Section        8  rt_ddtor_pointer_addr_intlibspace.o(.text)
    .text                                    0x08002030   Section        0  hguard.o(.text)
    .text                                    0x08002034   Section        0  init_alloc.o(.text)
    .text                                    0x080020be   Section        0  h1_init.o(.text)
    .text                                    0x080020cc   Section        0  h1_free.o(.text)
    .text                                    0x0800211c   Section        8  libspace.o(.text)
    .text                                    0x08002124   Section        0  h1_extend.o(.text)
    .text                                    0x08002158   Section        0  defsig_rtmem_outer.o(.text)
    .text                                    0x08002166   Section        2  use_no_semi.o(.text)
    .text                                    0x08002168   Section       74  sys_stackheap_outer.o(.text)
    .text                                    0x08002168   Section        0  indicate_semi.o(.text)
    .text                                    0x080021b2   Section        0  exit.o(.text)
    .text                                    0x080021be   Section        0  defsig_exit.o(.text)
    .text                                    0x080021c8   Section        0  defsig_rtmem_inner.o(.text)
    .text                                    0x08002218   Section        0  sys_exit.o(.text)
    .text                                    0x08002224   Section        0  defsig_general.o(.text)
    .text                                    0x08002256   Section        0  sys_wrch.o(.text)
    i.__aeabi_atexit                         0x08002264   Section        0  aeabi_atexit.o(i.__aeabi_atexit)
    i.__cxa_finalize                         0x08002296   Section        0  cxa_finalize.o(i.__cxa_finalize)
    t._ZN10RingBufferIhE3PopEPh              0x080022d8   Section        0  main.o(t._ZN10RingBufferIhE3PopEPh)
    t._ZN10RingBufferIhE4PushEh              0x08002314   Section        0  main.o(t._ZN10RingBufferIhE4PushEh)
    t._ZN10RingBufferIhE5ReSetEv             0x08002348   Section        0  main.o(t._ZN10RingBufferIhE5ReSetEv)
    t._ZN10RingBufferIhE9SetBufferEPhj       0x0800235c   Section        0  main.o(t._ZN10RingBufferIhE9SetBufferEPhj)
    t._ZN10RingBufferIhEC1Ev                 0x08002366   Section        0  main.o(t._ZN10RingBufferIhEC1Ev)
    t._ZN10RingBufferIhED1Ev                 0x08002378   Section        0  main.o(t._ZN10RingBufferIhED1Ev)
    .init_array                              0x0800239c   Section        4  main.o(.init_array)
    .init_array                              0x080023a0   Section        4  pwm_top.o(.init_array)
    .init_array                              0x080023a4   Section        0  init_aeabi.o(.init_array)
    .data                                    0x20000000   Section        4  spi.o(.data)
    SPI1_ISR                                 0x20000000   Data           4  spi.o(.data)
    .data                                    0x20000004   Section      584  pwm_top.o(.data)
    .bss                                     0x2000024c   Section     1048  main.o(.bss)
    .bss                                     0x20000664   Section      264  pwm_top.o(.bss)
    .bss                                     0x2000076c   Section       96  libspace.o(.bss)
    HEAP                                     0x200007d0   Section      512  startup_stm32f10x_md.o(HEAP)
    Heap_Mem                                 0x200007d0   Data         512  startup_stm32f10x_md.o(HEAP)
    STACK                                    0x200009d0   Section     1024  startup_stm32f10x_md.o(STACK)
    Stack_Mem                                0x200009d0   Data        1024  startup_stm32f10x_md.o(STACK)
    __initial_sp                             0x20000dd0   Data           0  startup_stm32f10x_md.o(STACK)

    Global Symbols

    Symbol Name                              Value     Ov Type        Size  Object(Section)

    BuildAttributes$$THM_ISAv4$P$D$K$B$S$PE$A:L22UL41UL21$X:L11$S22US41US21$IEEE1$IW$USESV6$~STKCKD$USESV7$~SHL$OTIME$ROPI$EBA8$UX$STANDARDLIB$REQ8$PRES8$EABIv2 0x00000000   Number         0  anon$$obj.o ABSOLUTE
    __ARM_use_no_argv                        0x00000000   Number         0  main.o ABSOLUTE
    __ARM_exceptions_init                     - Undefined Weak Reference
    __alloca_initialize                       - Undefined Weak Reference
    __sigvec_lookup                           - Undefined Weak Reference
    __user_heap_extent                        - Undefined Weak Reference
    _atexit_init                              - Undefined Weak Reference
    _call_atexit_fns                          - Undefined Weak Reference
    _clock_init                               - Undefined Weak Reference
    _fp_trap_init                             - Undefined Weak Reference
    _fp_trap_shutdown                         - Undefined Weak Reference
    _get_lc_collate                           - Undefined Weak Reference
    _get_lc_monetary                          - Undefined Weak Reference
    _get_lc_numeric                           - Undefined Weak Reference
    _get_lc_time                              - Undefined Weak Reference
    _getenv_init                              - Undefined Weak Reference
    _handle_redirection                       - Undefined Weak Reference
    _initio                                   - Undefined Weak Reference
    _mutex_acquire                            - Undefined Weak Reference
    _mutex_free                               - Undefined Weak Reference
    _mutex_release                            - Undefined Weak Reference
    _rand_init                                - Undefined Weak Reference
    _signal_finish                            - Undefined Weak Reference
    _signal_init                              - Undefined Weak Reference
    _terminateio                              - Undefined Weak Reference
    __Vectors_Size                           0x000000ec   Number         0  startup_stm32f10x_md.o ABSOLUTE
    __Vectors                                0x08000000   Data           4  startup_stm32f10x_md.o(RESET)
    __dso_handle                             0x08000000   Number         0  startup_stm32f10x_md.o(RESET)
    __Vectors_End                            0x080000ec   Data           0  startup_stm32f10x_md.o(RESET)
    __main                                   0x080000ed   Thumb Code     8  __main.o(!!!main)
    __scatterload                            0x080000f5   Thumb Code     0  __scatter.o(!!!scatter)
    __scatterload_rt2                        0x080000f5   Thumb Code    44  __scatter.o(!!!scatter)
    __scatterload_rt2_thumb_only             0x080000f5   Thumb Code     0  __scatter.o(!!!scatter)
    __scatterload_null                       0x08000103   Thumb Code     0  __scatter.o(!!!scatter)
    __decompress                             0x08000129   Thumb Code    90  __dczerorl2.o(!!dczerorl2)
    __decompress1                            0x08000129   Thumb Code     0  __dczerorl2.o(!!dczerorl2)
    __scatterload_zeroinit                   0x08000185   Thumb Code    28  __scatter_zi.o(!!handler_zi)
    __rt_lib_init                            0x080001a1   Thumb Code     0  libinit.o(.ARM.Collect$$libinit$$00000000)
    __rt_lib_init_fp_1                       0x080001a3   Thumb Code     0  libinit2.o(.ARM.Collect$$libinit$$00000002)
    __rt_lib_init_heap_2                     0x080001a3   Thumb Code     0  libinit2.o(.ARM.Collect$$libinit$$00000003)
    __rt_lib_init_alloca_1                   0x080001ab   Thumb Code     0  libinit2.o(.ARM.Collect$$libinit$$0000002C)
    __rt_lib_init_argv_1                     0x080001ab   Thumb Code     0  libinit2.o(.ARM.Collect$$libinit$$0000002A)
    __rt_lib_init_atexit_1                   0x080001ab   Thumb Code     0  libinit2.o(.ARM.Collect$$libinit$$00000019)
    __rt_lib_init_clock_1                    0x080001ab   Thumb Code     0  libinit2.o(.ARM.Collect$$libinit$$0000001F)
    __rt_lib_init_cpp_2                      0x080001ab   Thumb Code     0  libinit2.o(.ARM.Collect$$libinit$$0000002F)
    __rt_lib_init_exceptions_1               0x080001ab   Thumb Code     0  libinit2.o(.ARM.Collect$$libinit$$0000002E)
    __rt_lib_init_fp_trap_1                  0x080001ab   Thumb Code     0  libinit2.o(.ARM.Collect$$libinit$$0000001D)
    __rt_lib_init_getenv_1                   0x080001ab   Thumb Code     0  libinit2.o(.ARM.Collect$$libinit$$00000021)
    __rt_lib_init_heap_1                     0x080001ab   Thumb Code     0  libinit2.o(.ARM.Collect$$libinit$$00000008)
    __rt_lib_init_lc_collate_1               0x080001ab   Thumb Code     0  libinit2.o(.ARM.Collect$$libinit$$0000000F)
    __rt_lib_init_lc_ctype_1                 0x080001ab   Thumb Code     0  libinit2.o(.ARM.Collect$$libinit$$00000011)
    __rt_lib_init_lc_monetary_1              0x080001ab   Thumb Code     0  libinit2.o(.ARM.Collect$$libinit$$00000013)
    __rt_lib_init_lc_numeric_1               0x080001ab   Thumb Code     0  libinit2.o(.ARM.Collect$$libinit$$00000015)
    __rt_lib_init_lc_time_1                  0x080001ab   Thumb Code     0  libinit2.o(.ARM.Collect$$libinit$$00000017)
    __rt_lib_init_rand_1                     0x080001ab   Thumb Code     0  libinit2.o(.ARM.Collect$$libinit$$0000000C)
    __rt_lib_init_signal_1                   0x080001ab   Thumb Code     0  libinit2.o(.ARM.Collect$$libinit$$0000001B)
    __rt_lib_init_stdio_1                    0x080001ab   Thumb Code     0  libinit2.o(.ARM.Collect$$libinit$$00000023)
    __rt_lib_init_user_alloc_1               0x080001ab   Thumb Code     0  libinit2.o(.ARM.Collect$$libinit$$0000000A)
    __rt_lib_init_cpp_1                      0x080001af   Thumb Code     0  libinit2.o(.ARM.Collect$$libinit$$00000030)
    __rt_lib_init_return                     0x080001af   Thumb Code     0  libinit2.o(.ARM.Collect$$libinit$$00000031)
    __rt_lib_shutdown                        0x080001b1   Thumb Code     0  libshutdown.o(.ARM.Collect$$libshutdown$$00000000)
    __rt_lib_shutdown_cpp_1                  0x080001b3   Thumb Code     0  libshutdown2.o(.ARM.Collect$$libshutdown$$00000001)
    __rt_lib_shutdown_fp_trap_1              0x080001b9   Thumb Code     0  libshutdown2.o(.ARM.Collect$$libshutdown$$00000006)
    __rt_lib_shutdown_heap_1                 0x080001b9   Thumb Code     0  libshutdown2.o(.ARM.Collect$$libshutdown$$0000000E)
    __rt_lib_shutdown_return                 0x080001b9   Thumb Code     0  libshutdown2.o(.ARM.Collect$$libshutdown$$0000000F)
    __rt_lib_shutdown_signal_1               0x080001b9   Thumb Code     0  libshutdown2.o(.ARM.Collect$$libshutdown$$00000009)
    __rt_lib_shutdown_stdio_1                0x080001b9   Thumb Code     0  libshutdown2.o(.ARM.Collect$$libshutdown$$00000003)
    __rt_lib_shutdown_user_alloc_1           0x080001b9   Thumb Code     0  libshutdown2.o(.ARM.Collect$$libshutdown$$0000000B)
    __rt_entry                               0x080001bb   Thumb Code     0  rtentry.o(.ARM.Collect$$rtentry$$00000000)
    __rt_entry_presh_1                       0x080001bb   Thumb Code     0  rtentry2.o(.ARM.Collect$$rtentry$$00000002)
    __rt_entry_sh                            0x080001bb   Thumb Code     0  rtentry4.o(.ARM.Collect$$rtentry$$00000004)
    __rt_entry_li                            0x080001c1   Thumb Code     0  rtentry2.o(.ARM.Collect$$rtentry$$0000000A)
    __rt_entry_postsh_1                      0x080001c1   Thumb Code     0  rtentry2.o(.ARM.Collect$$rtentry$$00000009)
    __rt_entry_main                          0x080001c5   Thumb Code     0  rtentry2.o(.ARM.Collect$$rtentry$$0000000D)
    __rt_entry_postli_1                      0x080001c5   Thumb Code     0  rtentry2.o(.ARM.Collect$$rtentry$$0000000C)
    __rt_exit                                0x080001cd   Thumb Code     0  rtexit.o(.ARM.Collect$$rtexit$$00000000)
    __rt_exit_ls                             0x080001cf   Thumb Code     0  rtexit2.o(.ARM.Collect$$rtexit$$00000003)
    __rt_exit_prels_1                        0x080001cf   Thumb Code     0  rtexit2.o(.ARM.Collect$$rtexit$$00000002)
    __rt_exit_exit                           0x080001d3   Thumb Code     0  rtexit2.o(.ARM.Collect$$rtexit$$00000004)
    _maybe_terminate_alloc                   0x080001d9   Thumb Code     0  maybetermalloc1.o(.emb_text)
    delay_ms                                 0x080001d9   Thumb Code    20  delay.o(.text)
    delay_us                                 0x080001ed   Thumb Code    16  delay.o(.text)
    SPI1_IRQHandler                          0x080001fd   Thumb Code    38  spi.o(.text)
    Log2                                     0x08000223   Thumb Code    18  spi.o(.text)
    SpiInitial                               0x08000235   Thumb Code   476  spi.o(.text)
    SpiDisableInterrupt                      0x08000411   Thumb Code    28  spi.o(.text)
    SpiEnableInterrupt                       0x0800042d   Thumb Code    28  spi.o(.text)
    SpiPoll                                  0x08000449   Thumb Code    26  spi.o(.text)
    GetSpiData                               0x08000463   Thumb Code     8  spi.o(.text)
    SpiExchangeByte                          0x0800046b   Thumb Code    28  spi.o(.text)
    SpiSlaveSynchronize                      0x08000487   Thumb Code    24  spi.o(.text)
    Reset_Handler                            0x080004c1   Thumb Code     4  startup_stm32f10x_md.o(.text)
    NMI_Handler                              0x080004c5   Thumb Code     2  startup_stm32f10x_md.o(.text)
    HardFault_Handler                        0x080004c7   Thumb Code     2  startup_stm32f10x_md.o(.text)
    MemManage_Handler                        0x080004c9   Thumb Code     2  startup_stm32f10x_md.o(.text)
    BusFault_Handler                         0x080004cb   Thumb Code     2  startup_stm32f10x_md.o(.text)
    UsageFault_Handler                       0x080004cd   Thumb Code     2  startup_stm32f10x_md.o(.text)
    SVC_Handler                              0x080004cf   Thumb Code     2  startup_stm32f10x_md.o(.text)
    DebugMon_Handler                         0x080004d1   Thumb Code     2  startup_stm32f10x_md.o(.text)
    PendSV_Handler                           0x080004d3   Thumb Code     2  startup_stm32f10x_md.o(.text)
    SysTick_Handler                          0x080004d5   Thumb Code     2  startup_stm32f10x_md.o(.text)
    ADC1_2_IRQHandler                        0x080004d7   Thumb Code     0  startup_stm32f10x_md.o(.text)
    CAN1_RX1_IRQHandler                      0x080004d7   Thumb Code     0  startup_stm32f10x_md.o(.text)
    CAN1_SCE_IRQHandler                      0x080004d7   Thumb Code     0  startup_stm32f10x_md.o(.text)
    DMA1_Channel1_IRQHandler                 0x080004d7   Thumb Code     0  startup_stm32f10x_md.o(.text)
    DMA1_Channel2_IRQHandler                 0x080004d7   Thumb Code     0  startup_stm32f10x_md.o(.text)
    DMA1_Channel3_IRQHandler                 0x080004d7   Thumb Code     0  startup_stm32f10x_md.o(.text)
    DMA1_Channel4_IRQHandler                 0x080004d7   Thumb Code     0  startup_stm32f10x_md.o(.text)
    DMA1_Channel5_IRQHandler                 0x080004d7   Thumb Code     0  startup_stm32f10x_md.o(.text)
    DMA1_Channel6_IRQHandler                 0x080004d7   Thumb Code     0  startup_stm32f10x_md.o(.text)
    DMA1_Channel7_IRQHandler                 0x080004d7   Thumb Code     0  startup_stm32f10x_md.o(.text)
    EXTI0_IRQHandler                         0x080004d7   Thumb Code     0  startup_stm32f10x_md.o(.text)
    EXTI15_10_IRQHandler                     0x080004d7   Thumb Code     0  startup_stm32f10x_md.o(.text)
    EXTI1_IRQHandler                         0x080004d7   Thumb Code     0  startup_stm32f10x_md.o(.text)
    EXTI2_IRQHandler                         0x080004d7   Thumb Code     0  startup_stm32f10x_md.o(.text)
    EXTI3_IRQHandler                         0x080004d7   Thumb Code     0  startup_stm32f10x_md.o(.text)
    EXTI4_IRQHandler                         0x080004d7   Thumb Code     0  startup_stm32f10x_md.o(.text)
    EXTI9_5_IRQHandler                       0x080004d7   Thumb Code     0  startup_stm32f10x_md.o(.text)
    FLASH_IRQHandler                         0x080004d7   Thumb Code     0  startup_stm32f10x_md.o(.text)
    I2C1_ER_IRQHandler                       0x080004d7   Thumb Code     0  startup_stm32f10x_md.o(.text)
    I2C1_EV_IRQHandler                       0x080004d7   Thumb Code     0  startup_stm32f10x_md.o(.text)
    I2C2_ER_IRQHandler                       0x080004d7   Thumb Code     0  startup_stm32f10x_md.o(.text)
    I2C2_EV_IRQHandler                       0x080004d7   Thumb Code     0  startup_stm32f10x_md.o(.text)
    PVD_IRQHandler                           0x080004d7   Thumb Code     0  startup_stm32f10x_md.o(.text)
    RCC_IRQHandler                           0x080004d7   Thumb Code     0  startup_stm32f10x_md.o(.text)
    RTCAlarm_IRQHandler                      0x080004d7   Thumb Code     0  startup_stm32f10x_md.o(.text)
    RTC_IRQHandler                           0x080004d7   Thumb Code     0  startup_stm32f10x_md.o(.text)
    SPI2_IRQHandler                          0x080004d7   Thumb Code     0  startup_stm32f10x_md.o(.text)
    TAMPER_IRQHandler                        0x080004d7   Thumb Code     0  startup_stm32f10x_md.o(.text)
    TIM1_BRK_IRQHandler                      0x080004d7   Thumb Code     0  startup_stm32f10x_md.o(.text)
    TIM1_CC_IRQHandler                       0x080004d7   Thumb Code     0  startup_stm32f10x_md.o(.text)
    TIM1_TRG_COM_IRQHandler                  0x080004d7   Thumb Code     0  startup_stm32f10x_md.o(.text)
    TIM1_UP_IRQHandler                       0x080004d7   Thumb Code     0  startup_stm32f10x_md.o(.text)
    TIM2_IRQHandler                          0x080004d7   Thumb Code     0  startup_stm32f10x_md.o(.text)
    TIM3_IRQHandler                          0x080004d7   Thumb Code     0  startup_stm32f10x_md.o(.text)
    TIM4_IRQHandler                          0x080004d7   Thumb Code     0  startup_stm32f10x_md.o(.text)
    USART1_IRQHandler                        0x080004d7   Thumb Code     0  startup_stm32f10x_md.o(.text)
    USART2_IRQHandler                        0x080004d7   Thumb Code     0  startup_stm32f10x_md.o(.text)
    USART3_IRQHandler                        0x080004d7   Thumb Code     0  startup_stm32f10x_md.o(.text)
    USBWakeUp_IRQHandler                     0x080004d7   Thumb Code     0  startup_stm32f10x_md.o(.text)
    USB_HP_CAN1_TX_IRQHandler                0x080004d7   Thumb Code     0  startup_stm32f10x_md.o(.text)
    USB_LP_CAN1_RX0_IRQHandler               0x080004d7   Thumb Code     0  startup_stm32f10x_md.o(.text)
    WWDG_IRQHandler                          0x080004d7   Thumb Code     0  startup_stm32f10x_md.o(.text)
    __user_initial_stackheap                 0x080004d9   Thumb Code     0  startup_stm32f10x_md.o(.text)
    Spi1ISR()                                0x080004f9   Thumb Code    40  main.o(.text)
    RccCfg()                                 0x08000521   Thumb Code   158  main.o(.text)
    AfIoCfg()                                0x080005bf   Thumb Code    64  main.o(.text)
    GpioCfg()                                0x080005ff   Thumb Code  1666  main.o(.text)
    main                                     0x08000c81   Thumb Code   494  main.o(.text)
    PWM::PWM(void*, unsigned, unsigned short, unsigned short) 0x08000ea9   Thumb Code   116  pwm.o(.text)
    PWM::PWM__sub_object(void*, unsigned, unsigned short, unsigned short) 0x08000ea9   Thumb Code     0  pwm.o(.text)
    PWM::~PWM()                              0x08000f1d   Thumb Code     2  pwm.o(.text)
    PWM::~PWM__sub_object()                  0x08000f1d   Thumb Code     0  pwm.o(.text)
    PWM::Reset(unsigned char)                0x08000f1f   Thumb Code    34  pwm.o(.text)
    PWM::Enable(unsigned char)               0x08000f41   Thumb Code     8  pwm.o(.text)
    PWM::Disable(unsigned char)              0x08000f49   Thumb Code    22  pwm.o(.text)
    PWM::SetDuty(unsigned char, unsigned short) 0x08000f5f   Thumb Code    32  pwm.o(.text)
    PWM::SetFrequency(unsigned char, unsigned short) 0x08000f7f   Thumb Code    20  pwm.o(.text)
    PWM::SetPolarity(unsigned char, unsigned) 0x08000f93   Thumb Code    26  pwm.o(.text)
    PWM::SetOutPutSignal(unsigned char, void(*)(unsigned char)) 0x08000fad   Thumb Code    26  pwm.o(.text)
    PWM::RunningTask(unsigned)               0x08000fc7   Thumb Code   152  pwm.o(.text)
    HDPWM::HDPWM()                           0x08001065   Thumb Code     2  hardware_pwm.o(.text)
    HDPWM::HDPWM__sub_object()               0x08001065   Thumb Code     0  hardware_pwm.o(.text)
    HDPWM::~HDPWM()                          0x08001067   Thumb Code     2  hardware_pwm.o(.text)
    HDPWM::~HDPWM__sub_object()              0x08001067   Thumb Code     0  hardware_pwm.o(.text)
    HDPWM::Initial(unsigned, unsigned short, unsigned short) 0x08001069   Thumb Code   726  hardware_pwm.o(.text)
    HDPWM::Enable(unsigned char)             0x0800133f   Thumb Code    40  hardware_pwm.o(.text)
    HDPWM::Disable(unsigned char)            0x08001367   Thumb Code    42  hardware_pwm.o(.text)
    HDPWM::SetDuty(unsigned char, unsigned short) 0x08001391   Thumb Code   152  hardware_pwm.o(.text)
    HDPWM::SetFrequency(unsigned char, unsigned short) 0x08001429   Thumb Code    32  hardware_pwm.o(.text)
    HDPWM::SetPolarity(unsigned char, unsigned) 0x08001449   Thumb Code   150  hardware_pwm.o(.text)
    PwmEnable0()                             0x080014e1   Thumb Code    12  pwm_top.o(.text)
    PwmEnable1()                             0x080014ed   Thumb Code    12  pwm_top.o(.text)
    PwmEnable2()                             0x080014f9   Thumb Code    12  pwm_top.o(.text)
    PwmEnable3()                             0x08001505   Thumb Code    12  pwm_top.o(.text)
    PwmEnable4()                             0x08001511   Thumb Code    12  pwm_top.o(.text)
    PwmEnable5()                             0x0800151d   Thumb Code    12  pwm_top.o(.text)
    PwmEnable6()                             0x08001529   Thumb Code    12  pwm_top.o(.text)
    PwmEnable7()                             0x08001535   Thumb Code    12  pwm_top.o(.text)
    PwmEnable8()                             0x08001541   Thumb Code    12  pwm_top.o(.text)
    PwmEnable9()                             0x0800154d   Thumb Code    12  pwm_top.o(.text)
    PwmEnable10()                            0x08001559   Thumb Code    12  pwm_top.o(.text)
    PwmEnable11()                            0x08001565   Thumb Code    12  pwm_top.o(.text)
    PwmEnable12()                            0x08001571   Thumb Code    12  pwm_top.o(.text)
    PwmEnable13()                            0x0800157d   Thumb Code    12  pwm_top.o(.text)
    PwmEnable14()                            0x08001589   Thumb Code    12  pwm_top.o(.text)
    PwmEnable15()                            0x08001595   Thumb Code    12  pwm_top.o(.text)
    PwmEnable16()                            0x080015a1   Thumb Code    12  pwm_top.o(.text)
    PwmEnable17()                            0x080015ad   Thumb Code    12  pwm_top.o(.text)
    PwmEnable18()                            0x080015b9   Thumb Code    12  pwm_top.o(.text)
    PwmEnable19()                            0x080015c5   Thumb Code    12  pwm_top.o(.text)
    PwmEnable20()                            0x080015d1   Thumb Code    12  pwm_top.o(.text)
    PwmEnable21()                            0x080015dd   Thumb Code    12  pwm_top.o(.text)
    PwmEnable22()                            0x080015e9   Thumb Code    12  pwm_top.o(.text)
    PwmEnable23()                            0x080015f5   Thumb Code    12  pwm_top.o(.text)
    PwmEnable24()                            0x08001601   Thumb Code    12  pwm_top.o(.text)
    PwmEnable25()                            0x0800160d   Thumb Code    12  pwm_top.o(.text)
    PwmEnable26()                            0x08001619   Thumb Code    12  pwm_top.o(.text)
    PwmDisable0()                            0x08001625   Thumb Code    12  pwm_top.o(.text)
    PwmDisable1()                            0x08001631   Thumb Code    12  pwm_top.o(.text)
    PwmDisable2()                            0x0800163d   Thumb Code    12  pwm_top.o(.text)
    PwmDisable3()                            0x08001649   Thumb Code    12  pwm_top.o(.text)
    PwmDisable4()                            0x08001655   Thumb Code    12  pwm_top.o(.text)
    PwmDisable5()                            0x08001661   Thumb Code    12  pwm_top.o(.text)
    PwmDisable6()                            0x0800166d   Thumb Code    12  pwm_top.o(.text)
    PwmDisable7()                            0x08001679   Thumb Code    12  pwm_top.o(.text)
    PwmDisable8()                            0x08001685   Thumb Code    12  pwm_top.o(.text)
    PwmDisable9()                            0x08001691   Thumb Code    12  pwm_top.o(.text)
    PwmDisable10()                           0x0800169d   Thumb Code    12  pwm_top.o(.text)
    PwmDisable11()                           0x080016a9   Thumb Code    12  pwm_top.o(.text)
    PwmDisable12()                           0x080016b5   Thumb Code    12  pwm_top.o(.text)
    PwmDisable13()                           0x080016c1   Thumb Code    12  pwm_top.o(.text)
    PwmDisable14()                           0x080016cd   Thumb Code    12  pwm_top.o(.text)
    PwmDisable15()                           0x080016d9   Thumb Code    12  pwm_top.o(.text)
    PwmDisable16()                           0x080016e5   Thumb Code    12  pwm_top.o(.text)
    PwmDisable17()                           0x080016f1   Thumb Code    12  pwm_top.o(.text)
    PwmDisable18()                           0x080016fd   Thumb Code    12  pwm_top.o(.text)
    PwmDisable19()                           0x08001709   Thumb Code    12  pwm_top.o(.text)
    PwmDisable20()                           0x08001715   Thumb Code    12  pwm_top.o(.text)
    PwmDisable21()                           0x08001721   Thumb Code    12  pwm_top.o(.text)
    PwmDisable22()                           0x0800172d   Thumb Code    12  pwm_top.o(.text)
    PwmDisable23()                           0x08001739   Thumb Code    12  pwm_top.o(.text)
    PwmDisable24()                           0x08001745   Thumb Code    12  pwm_top.o(.text)
    PwmDisable25()                           0x08001751   Thumb Code    12  pwm_top.o(.text)
    PwmDisable26()                           0x0800175d   Thumb Code    12  pwm_top.o(.text)
    PwmSetFrequency0(unsigned short)         0x08001769   Thumb Code    16  pwm_top.o(.text)
    PwmSetFrequency1(unsigned short)         0x08001779   Thumb Code    16  pwm_top.o(.text)
    PwmSetFrequency2(unsigned short)         0x08001789   Thumb Code    16  pwm_top.o(.text)
    PwmSetFrequency3(unsigned short)         0x08001799   Thumb Code    16  pwm_top.o(.text)
    PwmSetFrequency4(unsigned short)         0x080017a9   Thumb Code    16  pwm_top.o(.text)
    PwmSetFrequency5(unsigned short)         0x080017b9   Thumb Code    16  pwm_top.o(.text)
    PwmSetFrequency6(unsigned short)         0x080017c9   Thumb Code    16  pwm_top.o(.text)
    PwmSetFrequency7(unsigned short)         0x080017d9   Thumb Code    16  pwm_top.o(.text)
    PwmSetFrequency8(unsigned short)         0x080017e9   Thumb Code    16  pwm_top.o(.text)
    PwmSetFrequency9(unsigned short)         0x080017f9   Thumb Code    16  pwm_top.o(.text)
    PwmSetFrequency10(unsigned short)        0x08001809   Thumb Code    16  pwm_top.o(.text)
    PwmSetFrequency11(unsigned short)        0x08001819   Thumb Code    16  pwm_top.o(.text)
    PwmSetFrequency12(unsigned short)        0x08001829   Thumb Code    16  pwm_top.o(.text)
    PwmSetFrequency13(unsigned short)        0x08001839   Thumb Code    16  pwm_top.o(.text)
    PwmSetFrequency14(unsigned short)        0x08001849   Thumb Code    16  pwm_top.o(.text)
    PwmSetFrequency15(unsigned short)        0x08001859   Thumb Code    16  pwm_top.o(.text)
    PwmSetFrequency16(unsigned short)        0x08001869   Thumb Code    16  pwm_top.o(.text)
    PwmSetFrequency17(unsigned short)        0x08001879   Thumb Code    16  pwm_top.o(.text)
    PwmSetFrequency18(unsigned short)        0x08001889   Thumb Code    16  pwm_top.o(.text)
    PwmSetFrequency19(unsigned short)        0x08001899   Thumb Code    16  pwm_top.o(.text)
    PwmSetFrequency20(unsigned short)        0x080018a9   Thumb Code    16  pwm_top.o(.text)
    PwmSetFrequency21(unsigned short)        0x080018b9   Thumb Code    24  pwm_top.o(.text)
    PwmSetFrequency22(unsigned short)        0x080018d1   Thumb Code    16  pwm_top.o(.text)
    PwmSetFrequency23(unsigned short)        0x080018e1   Thumb Code    16  pwm_top.o(.text)
    PwmSetFrequency24(unsigned short)        0x080018f1   Thumb Code    16  pwm_top.o(.text)
    PwmSetFrequency25(unsigned short)        0x08001901   Thumb Code    16  pwm_top.o(.text)
    PwmSetFrequency26(unsigned short)        0x08001911   Thumb Code    16  pwm_top.o(.text)
    PwmSetDuty0(unsigned short)              0x08001921   Thumb Code    16  pwm_top.o(.text)
    PwmSetDuty1(unsigned short)              0x08001931   Thumb Code    16  pwm_top.o(.text)
    PwmSetDuty2(unsigned short)              0x08001941   Thumb Code    16  pwm_top.o(.text)
    PwmSetDuty3(unsigned short)              0x08001951   Thumb Code    16  pwm_top.o(.text)
    PwmSetDuty4(unsigned short)              0x08001961   Thumb Code    16  pwm_top.o(.text)
    PwmSetDuty5(unsigned short)              0x08001971   Thumb Code    16  pwm_top.o(.text)
    PwmSetDuty6(unsigned short)              0x08001981   Thumb Code    16  pwm_top.o(.text)
    PwmSetDuty7(unsigned short)              0x08001991   Thumb Code    16  pwm_top.o(.text)
    PwmSetDuty8(unsigned short)              0x080019a1   Thumb Code    16  pwm_top.o(.text)
    PwmSetDuty9(unsigned short)              0x080019b1   Thumb Code    16  pwm_top.o(.text)
    PwmSetDuty10(unsigned short)             0x080019c1   Thumb Code    16  pwm_top.o(.text)
    PwmSetDuty11(unsigned short)             0x080019d1   Thumb Code    16  pwm_top.o(.text)
    PwmSetDuty12(unsigned short)             0x080019e1   Thumb Code    16  pwm_top.o(.text)
    PwmSetDuty13(unsigned short)             0x080019f1   Thumb Code    16  pwm_top.o(.text)
    PwmSetDuty14(unsigned short)             0x08001a01   Thumb Code    16  pwm_top.o(.text)
    PwmSetDuty15(unsigned short)             0x08001a11   Thumb Code    16  pwm_top.o(.text)
    PwmSetDuty16(unsigned short)             0x08001a21   Thumb Code    16  pwm_top.o(.text)
    PwmSetDuty17(unsigned short)             0x08001a31   Thumb Code    16  pwm_top.o(.text)
    PwmSetDuty18(unsigned short)             0x08001a41   Thumb Code    16  pwm_top.o(.text)
    PwmSetDuty19(unsigned short)             0x08001a51   Thumb Code    16  pwm_top.o(.text)
    PwmSetDuty20(unsigned short)             0x08001a61   Thumb Code    16  pwm_top.o(.text)
    PwmSetDuty21(unsigned short)             0x08001a71   Thumb Code    16  pwm_top.o(.text)
    PwmSetDuty22(unsigned short)             0x08001a81   Thumb Code    16  pwm_top.o(.text)
    PwmSetDuty23(unsigned short)             0x08001a91   Thumb Code    16  pwm_top.o(.text)
    PwmSetDuty24(unsigned short)             0x08001aa1   Thumb Code    16  pwm_top.o(.text)
    PwmSetDuty25(unsigned short)             0x08001ab1   Thumb Code    16  pwm_top.o(.text)
    PwmSetDuty26(unsigned short)             0x08001ac1   Thumb Code    16  pwm_top.o(.text)
    PwmSetPolarity0(unsigned)                0x08001ad1   Thumb Code    16  pwm_top.o(.text)
    PwmSetPolarity1(unsigned)                0x08001ae1   Thumb Code    16  pwm_top.o(.text)
    PwmSetPolarity2(unsigned)                0x08001af1   Thumb Code    16  pwm_top.o(.text)
    PwmSetPolarity3(unsigned)                0x08001b01   Thumb Code    16  pwm_top.o(.text)
    PwmSetPolarity4(unsigned)                0x08001b11   Thumb Code    16  pwm_top.o(.text)
    PwmSetPolarity5(unsigned)                0x08001b21   Thumb Code    16  pwm_top.o(.text)
    PwmSetPolarity6(unsigned)                0x08001b31   Thumb Code    16  pwm_top.o(.text)
    PwmSetPolarity7(unsigned)                0x08001b41   Thumb Code    16  pwm_top.o(.text)
    PwmSetPolarity8(unsigned)                0x08001b51   Thumb Code    16  pwm_top.o(.text)
    PwmSetPolarity9(unsigned)                0x08001b61   Thumb Code    16  pwm_top.o(.text)
    PwmSetPolarity10(unsigned)               0x08001b71   Thumb Code    16  pwm_top.o(.text)
    PwmSetPolarity11(unsigned)               0x08001b81   Thumb Code    16  pwm_top.o(.text)
    PwmSetPolarity12(unsigned)               0x08001b91   Thumb Code    16  pwm_top.o(.text)
    PwmSetPolarity13(unsigned)               0x08001ba1   Thumb Code    16  pwm_top.o(.text)
    PwmSetPolarity14(unsigned)               0x08001bb1   Thumb Code    16  pwm_top.o(.text)
    PwmSetPolarity15(unsigned)               0x08001bc1   Thumb Code    16  pwm_top.o(.text)
    PwmSetPolarity16(unsigned)               0x08001bd1   Thumb Code    16  pwm_top.o(.text)
    PwmSetPolarity17(unsigned)               0x08001be1   Thumb Code    16  pwm_top.o(.text)
    PwmSetPolarity18(unsigned)               0x08001bf1   Thumb Code    16  pwm_top.o(.text)
    PwmSetPolarity19(unsigned)               0x08001c01   Thumb Code    16  pwm_top.o(.text)
    PwmSetPolarity20(unsigned)               0x08001c11   Thumb Code    16  pwm_top.o(.text)
    PwmSetPolarity21(unsigned)               0x08001c21   Thumb Code    16  pwm_top.o(.text)
    PwmSetPolarity22(unsigned)               0x08001c31   Thumb Code    16  pwm_top.o(.text)
    PwmSetPolarity23(unsigned)               0x08001c41   Thumb Code    16  pwm_top.o(.text)
    PwmSetPolarity24(unsigned)               0x08001c51   Thumb Code    16  pwm_top.o(.text)
    PwmSetPolarity25(unsigned)               0x08001c61   Thumb Code    16  pwm_top.o(.text)
    PwmSetPolarity26(unsigned)               0x08001c71   Thumb Code    16  pwm_top.o(.text)
    Pwm0PinCtrl(unsigned char)               0x08001c81   Thumb Code    72  pwm_top.o(.text)
    Pwm1PinCtrl(unsigned char)               0x08001cc9   Thumb Code    58  pwm_top.o(.text)
    Pwm5PinCtrl(unsigned char)               0x08001d03   Thumb Code    58  pwm_top.o(.text)
    Pwm6PinCtrl(unsigned char)               0x08001d3d   Thumb Code    58  pwm_top.o(.text)
    Pwm12PinCtrl(unsigned char)              0x08001d77   Thumb Code    50  pwm_top.o(.text)
    Pwm13PinCtrl(unsigned char)              0x08001da9   Thumb Code    50  pwm_top.o(.text)
    Pwm14PinCtrl(unsigned char)              0x08001ddb   Thumb Code    50  pwm_top.o(.text)
    Pwm15PinCtrl(unsigned char)              0x08001e0d   Thumb Code    58  pwm_top.o(.text)
    Pwm16PinCtrl(unsigned char)              0x08001e47   Thumb Code    58  pwm_top.o(.text)
    Pwm21PinCtrl(unsigned char)              0x08001e81   Thumb Code    58  pwm_top.o(.text)
    Pwm26PinCtrl(unsigned char)              0x08001ebb   Thumb Code    58  pwm_top.o(.text)
    malloc                                   0x08001f49   Thumb Code    94  h1_alloc.o(.text)
    __aeabi_memclr4                          0x08001fa7   Thumb Code     0  rt_memclr_w.o(.text)
    __aeabi_memclr8                          0x08001fa7   Thumb Code     0  rt_memclr_w.o(.text)
    __rt_memclr_w                            0x08001fa7   Thumb Code    78  rt_memclr_w.o(.text)
    _memset_w                                0x08001fab   Thumb Code     0  rt_memclr_w.o(.text)
    __use_two_region_memory                  0x08001ff5   Thumb Code     2  heapauxi.o(.text)
    __rt_heap_escrow                         0x08001ff7   Thumb Code     2  heapauxi.o(.text)
    __rt_heap_expand                         0x08001ff9   Thumb Code     2  heapauxi.o(.text)
    __cpp_initialize__aeabi_                 0x08001ffd   Thumb Code    26  init_aeabi.o(.text)
    __rt_heap_descriptor                     0x08002021   Thumb Code     8  rt_heap_descriptor_intlibspace.o(.text)
    __rt_ddtor_pointer_addr                  0x08002029   Thumb Code     8  rt_ddtor_pointer_addr_intlibspace.o(.text)
    __use_no_heap                            0x08002031   Thumb Code     2  hguard.o(.text)
    __heap$guard                             0x08002033   Thumb Code     2  hguard.o(.text)
    _terminate_user_alloc                    0x08002035   Thumb Code     2  init_alloc.o(.text)
    _init_user_alloc                         0x08002037   Thumb Code     2  init_alloc.o(.text)
    __Heap_Full                              0x08002039   Thumb Code    34  init_alloc.o(.text)
    __Heap_Broken                            0x0800205b   Thumb Code     6  init_alloc.o(.text)
    _init_alloc                              0x08002061   Thumb Code    94  init_alloc.o(.text)
    __Heap_Initialize                        0x080020bf   Thumb Code    10  h1_init.o(.text)
    __Heap_DescSize                          0x080020c9   Thumb Code     4  h1_init.o(.text)
    free                                     0x080020cd   Thumb Code    78  h1_free.o(.text)
    __user_libspace                          0x0800211d   Thumb Code     8  libspace.o(.text)
    __user_perproc_libspace                  0x0800211d   Thumb Code     0  libspace.o(.text)
    __user_perthread_libspace                0x0800211d   Thumb Code     0  libspace.o(.text)
    __Heap_ProvideMemory                     0x08002125   Thumb Code    52  h1_extend.o(.text)
    __rt_SIGRTMEM                            0x08002159   Thumb Code    14  defsig_rtmem_outer.o(.text)
    __I$use$semihosting                      0x08002167   Thumb Code     0  use_no_semi.o(.text)
    __use_no_semihosting_swi                 0x08002167   Thumb Code     2  use_no_semi.o(.text)
    __semihosting_library_function           0x08002169   Thumb Code     0  indicate_semi.o(.text)
    __user_setup_stackheap                   0x08002169   Thumb Code    74  sys_stackheap_outer.o(.text)
    exit                                     0x080021b3   Thumb Code    12  exit.o(.text)
    __sig_exit                               0x080021bf   Thumb Code    10  defsig_exit.o(.text)
    __rt_SIGRTMEM_inner                      0x080021c9   Thumb Code    22  defsig_rtmem_inner.o(.text)
    _sys_exit                                0x08002219   Thumb Code     8  sys_exit.o(.text)
    __default_signal_display                 0x08002225   Thumb Code    50  defsig_general.o(.text)
    _ttywrch                                 0x08002257   Thumb Code    14  sys_wrch.o(.text)
    __aeabi_atexit                           0x08002265   Thumb Code    50  aeabi_atexit.o(i.__aeabi_atexit)
    __cxa_finalize                           0x08002297   Thumb Code    66  cxa_finalize.o(i.__cxa_finalize)
    RingBuffer<unsigned char>::Pop(unsigned char*) 0x080022d9   Thumb Code    60  main.o(t._ZN10RingBufferIhE3PopEPh)
    RingBuffer<unsigned char>::Push(unsigned char) 0x08002315   Thumb Code    52  main.o(t._ZN10RingBufferIhE4PushEh)
    RingBuffer<unsigned char>::ReSet()       0x08002349   Thumb Code    20  main.o(t._ZN10RingBufferIhE5ReSetEv)
    RingBuffer<unsigned char>::SetBuffer(unsigned char*, unsigned) 0x0800235d   Thumb Code    10  main.o(t._ZN10RingBufferIhE9SetBufferEPhj)
    RingBuffer<unsigned char>::RingBuffer()  0x08002367   Thumb Code    18  main.o(t._ZN10RingBufferIhEC1Ev)
    RingBuffer<unsigned char>::RingBuffer__sub_object() 0x08002367   Thumb Code     0  main.o(t._ZN10RingBufferIhEC1Ev)
    RingBuffer<unsigned char>::~RingBuffer() 0x08002379   Thumb Code     2  main.o(t._ZN10RingBufferIhED1Ev)
    RingBuffer<unsigned char>::~RingBuffer__sub_object() 0x08002379   Thumb Code     0  main.o(t._ZN10RingBufferIhED1Ev)
    Region$$Table$$Base                      0x0800237c   Number         0  anon$$obj.o(Region$$Table)
    Region$$Table$$Limit                     0x0800239c   Number         0  anon$$obj.o(Region$$Table)
    SHT$$INIT_ARRAY$$Base                    0x0800239c   Number         0  main.o(.init_array)
    SHT$$INIT_ARRAY$$Limit                   0x080023a4   Number         0  init_aeabi.o(.init_array)
    PwmPinCtrl                               0x20000004   Data          44  pwm_top.o(.data)
    PwmEnable                                0x20000030   Data         108  pwm_top.o(.data)
    PwmDisable                               0x2000009c   Data         108  pwm_top.o(.data)
    PwmSetFrequency                          0x20000108   Data         108  pwm_top.o(.data)
    PwmSetDuty                               0x20000174   Data         108  pwm_top.o(.data)
    PwmSetPolarity                           0x200001e0   Data         108  pwm_top.o(.data)
    CmdBuffer                                0x2000024c   Data        1024  main.o(.bss)
    SpiFifo                                  0x2000064c   Data          24  main.o(.bss)
    hdPwm                                    0x20000664   Data          64  pwm_top.o(.bss)
    pwm                                      0x200006a4   Data         200  pwm_top.o(.bss)
    __libspace_start                         0x2000076c   Data          96  libspace.o(.bss)
    __temporary_stack_top$libspace           0x200007cc   Data           0  libspace.o(.bss)



==============================================================================

Memory Map of the image

  Image Entry point : 0x080000ed

  Load Region LR_IROM1 (Base: 0x08000000, Size: 0x000025f0, Max: 0x00010000, ABSOLUTE, COMPRESSED[0x00002564])

    Execution Region ER_IROM1 (Base: 0x08000000, Size: 0x000023a4, Max: 0x00010000, ABSOLUTE)

    Base Addr    Size         Type   Attr      Idx    E Section Name        Object

    0x08000000   0x000000ec   Data   RO           66    RESET               startup_stm32f10x_md.o
    0x080000ec   0x00000008   Code   RO          346  * !!!main             c_w.l(__main.o)
    0x080000f4   0x00000034   Code   RO          640    !!!scatter          c_w.l(__scatter.o)
    0x08000128   0x0000005a   Code   RO          638    !!dczerorl2         c_w.l(__dczerorl2.o)
    0x08000182   0x00000002   PAD
    0x08000184   0x0000001c   Code   RO          642    !!handler_zi        c_w.l(__scatter_zi.o)
    0x080001a0   0x00000002   Code   RO          591    .ARM.Collect$$libinit$$00000000  c_w.l(libinit.o)
    0x080001a2   0x00000000   Code   RO          442    .ARM.Collect$$libinit$$00000002  c_w.l(libinit2.o)
    0x080001a2   0x00000008   Code   RO          443    .ARM.Collect$$libinit$$00000003  c_w.l(libinit2.o)
    0x080001aa   0x00000000   Code   RO          445    .ARM.Collect$$libinit$$00000008  c_w.l(libinit2.o)
    0x080001aa   0x00000000   Code   RO          447    .ARM.Collect$$libinit$$0000000A  c_w.l(libinit2.o)
    0x080001aa   0x00000000   Code   RO          449    .ARM.Collect$$libinit$$0000000C  c_w.l(libinit2.o)
    0x080001aa   0x00000000   Code   RO          452    .ARM.Collect$$libinit$$0000000F  c_w.l(libinit2.o)
    0x080001aa   0x00000000   Code   RO          454    .ARM.Collect$$libinit$$00000011  c_w.l(libinit2.o)
    0x080001aa   0x00000000   Code   RO          456    .ARM.Collect$$libinit$$00000013  c_w.l(libinit2.o)
    0x080001aa   0x00000000   Code   RO          458    .ARM.Collect$$libinit$$00000015  c_w.l(libinit2.o)
    0x080001aa   0x00000000   Code   RO          460    .ARM.Collect$$libinit$$00000017  c_w.l(libinit2.o)
    0x080001aa   0x00000000   Code   RO          462    .ARM.Collect$$libinit$$00000019  c_w.l(libinit2.o)
    0x080001aa   0x00000000   Code   RO          464    .ARM.Collect$$libinit$$0000001B  c_w.l(libinit2.o)
    0x080001aa   0x00000000   Code   RO          466    .ARM.Collect$$libinit$$0000001D  c_w.l(libinit2.o)
    0x080001aa   0x00000000   Code   RO          468    .ARM.Collect$$libinit$$0000001F  c_w.l(libinit2.o)
    0x080001aa   0x00000000   Code   RO          470    .ARM.Collect$$libinit$$00000021  c_w.l(libinit2.o)
    0x080001aa   0x00000000   Code   RO          472    .ARM.Collect$$libinit$$00000023  c_w.l(libinit2.o)
    0x080001aa   0x00000000   Code   RO          476    .ARM.Collect$$libinit$$0000002A  c_w.l(libinit2.o)
    0x080001aa   0x00000000   Code   RO          478    .ARM.Collect$$libinit$$0000002C  c_w.l(libinit2.o)
    0x080001aa   0x00000000   Code   RO          480    .ARM.Collect$$libinit$$0000002E  c_w.l(libinit2.o)
    0x080001aa   0x00000004   Code   RO          481    .ARM.Collect$$libinit$$0000002F  c_w.l(libinit2.o)
    0x080001ae   0x00000000   Code   RO          482    .ARM.Collect$$libinit$$00000030  c_w.l(libinit2.o)
    0x080001ae   0x00000002   Code   RO          483    .ARM.Collect$$libinit$$00000031  c_w.l(libinit2.o)
    0x080001b0   0x00000002   Code   RO          635    .ARM.Collect$$libshutdown$$00000000  c_w.l(libshutdown.o)
    0x080001b2   0x00000006   Code   RO          484    .ARM.Collect$$libshutdown$$00000001  c_w.l(libshutdown2.o)
    0x080001b8   0x00000000   Code   RO          486    .ARM.Collect$$libshutdown$$00000003  c_w.l(libshutdown2.o)
    0x080001b8   0x00000000   Code   RO          489    .ARM.Collect$$libshutdown$$00000006  c_w.l(libshutdown2.o)
    0x080001b8   0x00000000   Code   RO          492    .ARM.Collect$$libshutdown$$00000009  c_w.l(libshutdown2.o)
    0x080001b8   0x00000000   Code   RO          494    .ARM.Collect$$libshutdown$$0000000B  c_w.l(libshutdown2.o)
    0x080001b8   0x00000000   Code   RO          497    .ARM.Collect$$libshutdown$$0000000E  c_w.l(libshutdown2.o)
    0x080001b8   0x00000002   Code   RO          498    .ARM.Collect$$libshutdown$$0000000F  c_w.l(libshutdown2.o)
    0x080001ba   0x00000000   Code   RO          393    .ARM.Collect$$rtentry$$00000000  c_w.l(rtentry.o)
    0x080001ba   0x00000000   Code   RO          520    .ARM.Collect$$rtentry$$00000002  c_w.l(rtentry2.o)
    0x080001ba   0x00000006   Code   RO          532    .ARM.Collect$$rtentry$$00000004  c_w.l(rtentry4.o)
    0x080001c0   0x00000000   Code   RO          522    .ARM.Collect$$rtentry$$00000009  c_w.l(rtentry2.o)
    0x080001c0   0x00000004   Code   RO          523    .ARM.Collect$$rtentry$$0000000A  c_w.l(rtentry2.o)
    0x080001c4   0x00000000   Code   RO          525    .ARM.Collect$$rtentry$$0000000C  c_w.l(rtentry2.o)
    0x080001c4   0x00000008   Code   RO          526    .ARM.Collect$$rtentry$$0000000D  c_w.l(rtentry2.o)
    0x080001cc   0x00000002   Code   RO          594    .ARM.Collect$$rtexit$$00000000  c_w.l(rtexit.o)
    0x080001ce   0x00000000   Code   RO          609    .ARM.Collect$$rtexit$$00000002  c_w.l(rtexit2.o)
    0x080001ce   0x00000004   Code   RO          610    .ARM.Collect$$rtexit$$00000003  c_w.l(rtexit2.o)
    0x080001d2   0x00000006   Code   RO          611    .ARM.Collect$$rtexit$$00000004  c_w.l(rtexit2.o)
    0x080001d8   0x00000000   Code   RO          538    .emb_text           c_w.l(maybetermalloc1.o)
    0x080001d8   0x00000024   Code   RO            1    .text               delay.o
    0x080001fc   0x000002c4   Code   RO           18    .text               spi.o
    0x080004c0   0x00000038   Code   RO           67    .text               startup_stm32f10x_md.o
    0x080004f8   0x000009b0   Code   RO           72    .text               main.o
    0x08000ea8   0x000001bc   Code   RO          185    .text               pwm.o
    0x08001064   0x0000047a   Code   RO          203    .text               hardware_pwm.o
    0x080014de   0x00000002   PAD
    0x080014e0   0x00000a68   Code   RO          215    .text               pwm_top.o
    0x08001f48   0x0000005e   Code   RO          283    .text               c_w.l(h1_alloc.o)
    0x08001fa6   0x0000004e   Code   RO          342    .text               c_w.l(rt_memclr_w.o)
    0x08001ff4   0x00000006   Code   RO          344    .text               c_w.l(heapauxi.o)
    0x08001ffa   0x00000002   PAD
    0x08001ffc   0x00000024   Code   RO          351    .text               c_w.l(init_aeabi.o)
    0x08002020   0x00000008   Code   RO          397    .text               c_w.l(rt_heap_descriptor_intlibspace.o)
    0x08002028   0x00000008   Code   RO          402    .text               c_w.l(rt_ddtor_pointer_addr_intlibspace.o)
    0x08002030   0x00000004   Code   RO          409    .text               c_w.l(hguard.o)
    0x08002034   0x0000008a   Code   RO          411    .text               c_w.l(init_alloc.o)
    0x080020be   0x0000000e   Code   RO          417    .text               c_w.l(h1_init.o)
    0x080020cc   0x0000004e   Code   RO          419    .text               c_w.l(h1_free.o)
    0x0800211a   0x00000002   PAD
    0x0800211c   0x00000008   Code   RO          516    .text               c_w.l(libspace.o)
    0x08002124   0x00000034   Code   RO          540    .text               c_w.l(h1_extend.o)
    0x08002158   0x0000000e   Code   RO          546    .text               c_w.l(defsig_rtmem_outer.o)
    0x08002166   0x00000002   Code   RO          557    .text               c_w.l(use_no_semi.o)
    0x08002168   0x00000000   Code   RO          559    .text               c_w.l(indicate_semi.o)
    0x08002168   0x0000004a   Code   RO          560    .text               c_w.l(sys_stackheap_outer.o)
    0x080021b2   0x0000000c   Code   RO          576    .text               c_w.l(exit.o)
    0x080021be   0x0000000a   Code   RO          578    .text               c_w.l(defsig_exit.o)
    0x080021c8   0x00000050   Code   RO          580    .text               c_w.l(defsig_rtmem_inner.o)
    0x08002218   0x0000000c   Code   RO          592    .text               c_w.l(sys_exit.o)
    0x08002224   0x00000032   Code   RO          602    .text               c_w.l(defsig_general.o)
    0x08002256   0x0000000e   Code   RO          606    .text               c_w.l(sys_wrch.o)
    0x08002264   0x00000032   Code   RO          354    i.__aeabi_atexit    cpprt_w.l(aeabi_atexit.o)
    0x08002296   0x00000042   Code   RO          502    i.__cxa_finalize    cpprt_w.l(cxa_finalize.o)
    0x080022d8   0x0000003c   Code   RO           98    t._ZN10RingBufferIhE3PopEPh  main.o
    0x08002314   0x00000034   Code   RO           86    t._ZN10RingBufferIhE4PushEh  main.o
    0x08002348   0x00000014   Code   RO           92    t._ZN10RingBufferIhE5ReSetEv  main.o
    0x0800235c   0x0000000a   Code   RO          104    t._ZN10RingBufferIhE9SetBufferEPhj  main.o
    0x08002366   0x00000012   Code   RO          110    t._ZN10RingBufferIhEC1Ev  main.o
    0x08002378   0x00000002   Code   RO          116    t._ZN10RingBufferIhED1Ev  main.o
    0x0800237a   0x00000002   PAD
    0x0800237c   0x00000020   Data   RO          636    Region$$Table       anon$$obj.o
    0x0800239c   0x00000004   Data   RO           75    .init_array         main.o
    0x080023a0   0x00000004   Data   RO          219    .init_array         pwm_top.o
    0x080023a4   0x00000000   Data   RO          349    .init_array         c_w.l(init_aeabi.o)


    Execution Region RW_IRAM1 (Base: 0x20000000, Size: 0x00000dd0, Max: 0x00005000, ABSOLUTE, COMPRESSED[0x000001c0])

    Base Addr    Size         Type   Attr      Idx    E Section Name        Object

    0x20000000   0x00000004   Data   RW           19    .data               spi.o
    0x20000004   0x00000248   Data   RW          218    .data               pwm_top.o
    0x2000024c   0x00000418   Zero   RW           74    .bss                main.o
    0x20000664   0x00000108   Zero   RW          217    .bss                pwm_top.o
    0x2000076c   0x00000060   Zero   RW          517    .bss                c_w.l(libspace.o)
    0x200007cc   0x00000004   PAD
    0x200007d0   0x00000200   Zero   RW           65    HEAP                startup_stm32f10x_md.o
    0x200009d0   0x00000400   Zero   RW           64    STACK               startup_stm32f10x_md.o


==============================================================================

Image component sizes


      Code (inc. data)   RO Data    RW Data    ZI Data      Debug   Object Name

        36          0          0          0          0       2064   delay.o
      1146         24          0          0          0       2376   hardware_pwm.o
      2642        108          4          0       1048     211777   main.o
       444          6          0          0          0       4520   pwm.o
      2664         58          4        584        264      23343   pwm_top.o
       708         34          0          4          0       3708   spi.o
        56         22        236          0       1536        816   startup_stm32f10x_md.o

    ----------------------------------------------------------------------
      7700        252        276        588       2848     248604   Object Totals
         0          0         32          0          0          0   (incl. Generated)
         4          0          0          0          0          0   (incl. Padding)

    ----------------------------------------------------------------------

      Code (inc. data)   RO Data    RW Data    ZI Data      Debug   Library Member Name

        90          0          0          0          0          0   __dczerorl2.o
         8          0          0          0          0         68   __main.o
        52          8          0          0          0          0   __scatter.o
        28          0          0          0          0          0   __scatter_zi.o
        10          0          0          0          0         68   defsig_exit.o
        50          0          0          0          0         88   defsig_general.o
        80         58          0          0          0         76   defsig_rtmem_inner.o
        14          0          0          0          0         80   defsig_rtmem_outer.o
        12          0          0          0          0         72   exit.o
        94          0          0          0          0         80   h1_alloc.o
        52          0          0          0          0         68   h1_extend.o
        78          0          0          0          0         80   h1_free.o
        14          0          0          0          0         84   h1_init.o
         6          0          0          0          0        152   heapauxi.o
         4          0          0          0          0        136   hguard.o
         0          0          0          0          0          0   indicate_semi.o
        36         10          0          0          0         80   init_aeabi.o
       138          0          0          0          0        168   init_alloc.o
         2          0          0          0          0          0   libinit.o
        14          0          0          0          0          0   libinit2.o
         2          0          0          0          0          0   libshutdown.o
         8          0          0          0          0          0   libshutdown2.o
         8          4          0          0         96         68   libspace.o
         0          0          0          0          0          0   maybetermalloc1.o
         8          4          0          0          0         68   rt_ddtor_pointer_addr_intlibspace.o
         8          4          0          0          0         68   rt_heap_descriptor_intlibspace.o
        78          0          0          0          0         80   rt_memclr_w.o
         0          0          0          0          0          0   rtentry.o
        12          0          0          0          0          0   rtentry2.o
         6          0          0          0          0          0   rtentry4.o
         2          0          0          0          0          0   rtexit.o
        10          0          0          0          0          0   rtexit2.o
        12          4          0          0          0         68   sys_exit.o
        74          0          0          0          0         80   sys_stackheap_outer.o
        14          0          0          0          0         76   sys_wrch.o
         2          0          0          0          0         68   use_no_semi.o
        50          0          0          0          0         84   aeabi_atexit.o
        66          0          0          0          0         84   cxa_finalize.o

    ----------------------------------------------------------------------
      1148         92          0          0        100       2044   Library Totals
         6          0          0          0          4          0   (incl. Padding)

    ----------------------------------------------------------------------

      Code (inc. data)   RO Data    RW Data    ZI Data      Debug   Library Name

      1026         92          0          0         96       1876   c_w.l
       116          0          0          0          0        168   cpprt_w.l

    ----------------------------------------------------------------------
      1148         92          0          0        100       2044   Library Totals

    ----------------------------------------------------------------------

==============================================================================


      Code (inc. data)   RO Data    RW Data    ZI Data      Debug   

      8848        344        276        588       2948     248772   Grand Totals
      8848        344        276        448       2948     248772   ELF Image Totals (compressed)
      8848        344        276        448          0          0   ROM Totals

==============================================================================

    Total RO  Size (Code + RO Data)                 9124 (   8.91kB)
    Total RW  Size (RW Data + ZI Data)              3536 (   3.45kB)
    Total ROM Size (Code + RO Data + RW Data)       9572 (   9.35kB)

==============================================================================

